 loopp

 Timestamp is 3a5d439e (Thu Jan 11 00:24:46 2001)

 Preferred load address is 00400000

 Start         Length     Name                   Class
 0001:00000000 00037362H .text                   CODE
 0002:00000000 00005271H .rdata                  DATA
 0002:00005271 00000000H .edata                  DATA
 0003:00000000 00000004H .CRT$XCA                DATA
 0003:00000004 00000004H .CRT$XCZ                DATA
 0003:00000008 00000004H .CRT$XIA                DATA
 0003:0000000c 00000008H .CRT$XIC                DATA
 0003:00000014 00000004H .CRT$XIZ                DATA
 0003:00000018 00000004H .CRT$XPA                DATA
 0003:0000001c 00000004H .CRT$XPX                DATA
 0003:00000020 00000004H .CRT$XPZ                DATA
 0003:00000024 00000004H .CRT$XTA                DATA
 0003:00000028 00000004H .CRT$XTZ                DATA
 0003:00000030 00001050H .data                   DATA
 0003:00001080 00001758H .bss                    DATA
 0004:00000000 00000014H .idata$2                DATA
 0004:00000014 00000014H .idata$3                DATA
 0004:00000028 000000f0H .idata$4                DATA
 0004:00000118 000000f0H .idata$5                DATA
 0004:00000208 00000422H .idata$6                DATA

  Address         Publics by Value              Rva+Base     Lib:Object

 0001:00000000       _align_seq                 00401000 f   Align.obj
 0001:000004d0       _get_alignment             004014d0 f   Align.obj
 0001:00000640       _adjust_prn_level          00401640 f   Align.obj
 0001:00000680       _get_row_eij               00401680 f   Align.obj
 0001:00000790       _shuffle_seq_algn          00401790 f   Align.obj
 0001:00000df0       _adjust_gap_pen            00401df0 f   Align.obj
 0001:00000eb0       _align_seq_old             00401eb0 f   Align.obj
 0001:00001250       _init_dpt                  00402250 f   Align.obj
 0001:000013e0       _prn_align                 004023e0 f   Align.obj
 0001:000025b0       _prn_align_old             004035b0 f   Align.obj
 0001:00002d60       _prn_dpt                   00403d60 f   Align.obj
 0001:00002df0       _prn_seq_alph              00403df0 f   Align.obj
 0001:00002e60       _trace_back                00403e60 f   Align.obj
 0001:00003040       _find_best_successor       00404040 f   Align.obj
 0001:00003240       _get_cell                  00404240 f   Align.obj
 0001:00003360       _generic2adr               00404360 f   Alphabet.obj
 0001:00003650       _seq2dig                   00404650 f   Alphabet.obj
 0001:00003ac0       _one2dig                   00404ac0 f   Alphabet.obj
 0001:00004000       _dig2one                   00405000 f   Alphabet.obj
 0001:000041f0       _dig2amino                 004051f0 f   Alphabet.obj
 0001:000043e0       _low_complexity            004053e0 f   Alphabet.obj
 0001:000046f0       _check_for_membrane        004056f0 f   Alphabet.obj
 0001:00004850       _get_hydrophob_ind         00405850 f   Alphabet.obj
 0001:00004930       _get_env_eij               00405930 f   Fea_mod2.obj
 0001:00004e00       _get_energy_eij            00405e00 f   Fea_mod2.obj
 0001:000050f0       _to_stnd_out               004060f0 f   Info.obj
 0001:00005120       _to_file                   00406120 f   Info.obj
 0001:00005150       _exit_end                  00406150 f   Info.obj
 0001:000051a0       _exit_err                  004061a0 f   Info.obj
 0001:000051f0       _prn_res                   004061f0 f   Info.obj
 0001:00005420       _init_info                 00406420 f   Info.obj
 0001:00005630       _prep_info                 00406630 f   Info.obj
 0001:000056e0       _add_res                   004066e0 f   Info.obj
 0001:00005760       _add_cont                  00406760 f   Info.obj
 0001:000057f0       _add_cont_decoy            004067f0 f   Info.obj
 0001:00005850       _prn_title_bar             00406850 f   Info.obj
 0001:000058f0       _info                      004068f0 f   Info.obj
 0001:00005db0       _get_stat_poten            00406db0 f   Info.obj
 0001:00005f80       _info_cont_nat             00406f80 f   Info.obj
 0001:000066f0       _info_cont_dec             004076f0 f   Info.obj
 0001:000069e0       _info_pot                  004079e0 f   Info.obj
 0001:00006c50       _info_ene_tot              00407c50 f   Info.obj
 0001:00006f10       _info_effpair_einm         00407f10 f   Info.obj
 0001:000071c0       _info_prot                 004081c0 f   Info.obj
 0001:00007470       _prn_setup                 00408470 f   Info.obj
 0001:00007770       _print_help                00408770 f   Info.obj
 0001:00008090       _alloc_mem                 00409090 f   Init.obj
 0001:00008da0       _prn_type_of_run           00409da0 f   Init.obj
 0001:00008ee0       _prn_signature             00409ee0 f   Init.obj
 0001:000092e0       _clean_up                  0040a2e0 f   Init.obj
 0001:000098c0       _alloc_err                 0040a8c0 f   Init.obj
 0001:000098f0       _get_length_from_seq       0040a8f0 f   Init.obj
 0001:000099c0       _read_Mod                  0040a9c0 f   Init.obj
 0001:00009ac0       _read_head_of_Mod          0040aac0 f   Init.obj
 0001:00009da0       _prepare_files             0040ada0 f   Init.obj
 0001:0000a550       _set_file_names            0040b550 f   Init.obj
 0001:0000a780       _set_default_opt           0040b780 f   Init.obj
 0001:0000ab30       _command_line              0040bb30 f   Init.obj
 0001:0000bfb0       _interpret_Model           0040cfb0 f   Init.obj
 0001:0000c180       _check_opt                 0040d180 f   Init.obj
 0001:0000c320       _set_Model                 0040d320 f   Init.obj
 0001:0000c530       _set_options               0040d530 f   Init.obj
 0001:0000c5b0       _build_query               0040d5b0 f   interfaces.obj
 0001:0000d050       _query_file_warning        0040e050 f   interfaces.obj
 0001:0000d0a0       _membrane_warning          0040e0a0 f   interfaces.obj
 0001:0000d100       _check_if_empty            0040e100 f   interfaces.obj
 0001:0000d170       _xyz2query_CM              0040e170 f   interfaces.obj
 0001:0000d5d0       _prepare_query_CM          0040e5d0 f   interfaces.obj
 0001:0000d690       _read_entry_list           0040e690 f   interfaces.obj
 0001:0000d6d0       _seq2query                 0040e6d0 f   interfaces.obj
 0001:0000d830       _write_down_seq            0040e830 f   interfaces.obj
 0001:0000d950       _write_query_XYZ           0040e950 f   interfaces.obj
 0001:0000dbf0       _prepare_query_swiss       0040ebf0 f   interfaces.obj
 0001:0000dfc0       _prepare_query_pdb         0040efc0 f   interfaces.obj
 0001:0000e370       _prepare_xyz_pdb           0040f370 f   interfaces.obj
 0001:0000e890       _write_down_xyz            0040f890 f   interfaces.obj
 0001:0000eab0       _get_triplet               0040fab0 f   interfaces.obj
 0001:0000eb30       _match_res                 0040fb30 f   interfaces.obj
 0001:0000ebc0       _check_Res                 0040fbc0 f   interfaces.obj
 0001:0000eea0       _init_Res                  0040fea0 f   interfaces.obj
 0001:0000f000       _line2seq                  00410000 f   interfaces.obj
 0001:0000f0a0       _restart_counters          004100a0 f   interfaces.obj
 0001:0000f0d0       _get_line_pdb              004100d0 f   interfaces.obj
 0001:0000f750       _write_xyz_line            00410750 f   interfaces.obj
 0001:0000fa20       _get_xyz_col               00410a20 f   interfaces.obj
 0001:0000fb20       _get_clean_name            00410b20 f   interfaces.obj
 0001:0000fbf0       _extend_name               00410bf0 f   interfaces.obj
 0001:0000fc60       _skip_query_warn           00410c60 f   interfaces.obj
 0001:0000fcb0       _prepare_query_1let        00410cb0 f   interfaces.obj
 0001:00010140       _prepare_query_fasta       00411140 f   interfaces.obj
 0001:00010770       _pick                      00411770 f   interfaces.obj
 0001:00010880       _pick_a                    00411880 f   interfaces.obj
 0001:000108b0       _pick_b                    004118b0 f   interfaces.obj
 0001:000108e0       _one2three                 004118e0 f   interfaces.obj
 0001:00010b80       _get_red_repr              00411b80 f   interfaces.obj
 0001:00010f30       _prepare_query_crd         00411f30 f   interfaces.obj
 0001:00011180       _get_header_crd            00412180 f   interfaces.obj
 0001:00011260       _read_crd                  00412260 f   interfaces.obj
 0001:000117d0       _read_line                 004127d0 f   interfaces.obj
 0001:00011820       _write_fngrps              00412820 f   Iofngrps.obj
 0001:00012670       _init_fngrps               00413670 f   Iofngrps.obj
 0001:00012b10       _free_up_fea               00413b10 f   Iofngrps.obj
 0001:00012b80       _close_fps_files           00413b80 f   Iofngrps.obj
 0001:00012c30       _read_fngrps               00413c30 f   Iofngrps.obj
 0001:00012e70       _main                      00413e70 f   Main.obj
 0001:00013480       _get_default_pot           00414480 f   potentials.obj
 0001:00013530       _tobi_elber_eij            00414530 f   potentials.obj
 0001:00013d50       _meller_elber_tom2         00414d50 f   potentials.obj
 0001:00014990       _blosum50                  00415990 f   potentials.obj
 0001:000151b0       _meller_elber_tom1         004161b0 f   potentials.obj
 0001:00015aa0       _meller_elber_vdw          00416aa0 f   potentials.obj
 0001:00015ed0       _meller_elber_tom2_av      00416ed0 f   potentials.obj
 0001:00015f80       _read_pot                  00416f80 f   Rwfiles.obj
 0001:000161c0       _write_ineq                004171c0 f   Rwfiles.obj
 0001:000164e0       _read_seq                  004174e0 f   Rwfiles.obj
 0001:00016630       _read_seq_generic          00417630 f   Rwfiles.obj
 0001:000166f0       _read_coor                 004176f0 f   Rwfiles.obj
 0001:00016960       _read_coor_all3            00417960 f   Rwfiles.obj
 0001:00016b00       _write_mps                 00417b00 f   Rwfiles.obj
 0001:00016ef0       _space                     00417ef0 f   Rwfiles.obj
 0001:00016f60       _read_err                  00417f60 f   Rwfiles.obj
 0001:00016f90       _open_err                  00417f90 f   Rwfiles.obj
 0001:00016fc0       _stru2stru                 00417fc0 f   stru2stru.obj
 0001:00017cd0       _rm_cent_mass              00418cd0 f   stru2stru.obj
 0001:00017e40       _get_best_rms              00418e40 f   stru2stru.obj
 0001:00018840       _add_name2list             00419840 f   stru2stru.obj
 0001:00018870       _get_rms                   00419870 f   stru2stru.obj
 0001:00018990       _rmsd                      00419990 f   stru2stru.obj
 0001:00019760       _diag_kabsch               0041a760 f   stru2stru.obj
 0001:00019940       _jacobi                    0041a940 f   stru2stru.obj
 0001:0001a0e0       _eigsrt                    0041b0e0 f   stru2stru.obj
 0001:0001a230       _nrerror                   0041b230 f   stru2stru.obj
 0001:0001a290       _vector                    0041b290 f   stru2stru.obj
 0001:0001a2e0       _free_vector               0041b2e0 f   stru2stru.obj
 0001:0001a310       _convert_matrix            0041b310 f   stru2stru.obj
 0001:0001a3e0       _free_convert_matrix       0041b3e0 f   stru2stru.obj
 0001:0001a410       _print_best_stru           0041b410 f   stru2stru.obj
 0001:0001a800       _build_irrep               0041b800 f   T_irreps.obj
 0001:0001ad70       _check_CM                  0041bd70 f   T_irreps.obj
 0001:0001b0c0       _switch_rw_CM              0041c0c0 f   T_irreps.obj
 0001:0001b350       _get_contMap               0041c350 f   T_irreps.obj
 0001:0001b4d0       _read_contMap              0041c4d0 f   T_irreps.obj
 0001:0001b840       _read_Query_CM             0041c840 f   T_irreps.obj
 0001:0001ba90       _write_contMap             0041ca90 f   T_irreps.obj
 0001:0001bfd0       _write_Query_CM            0041cfd0 f   T_irreps.obj
 0001:0001c2b0       _get_contType              0041d2b0 f   T_irreps.obj
 0001:0001c890       _get_score_eij             0041d890 f   T_irreps.obj
 0001:0001cc50       _get_env                   0041dc50 f   T_irreps.obj
 0001:0001cdf0       _get_env_ein               0041ddf0 f   T_irreps.obj
 0001:0001ced0       _get_score                 0041ded0 f   T_irreps.obj
 0001:0001d200       _write_contType            0041e200 f   T_irreps.obj
 0001:0001d810       _read_contType             0041e810 f   T_irreps.obj
 0001:0001d940       _get_einm                  0041e940 f   T_irreps.obj
 0001:0001dd90       _get_env_einm              0041ed90 f   T_irreps.obj
 0001:0001dfb0       _energy                    0041efb0 f   T_irreps.obj
 0001:0001e070       _mat2vec                   0041f070 f   T_irreps.obj
 0001:0001e0b0       _imod2vec                  0041f0b0 f   T_irreps.obj
 0001:0001e130       _skip                      0041f130 f   T_irreps.obj
 0001:0001e1f0       _thread_seq                0041f1f0 f   T_thread.obj
 0001:0001ec90       _shuffle_seq               0041fc90 f   T_thread.obj
 0001:0001f490       _report_progress           00420490 f   T_thread.obj
 0001:0001f510       _pick_structure            00420510 f   T_thread.obj
 0001:0001f630       _get_zscore                00420630 f   T_thread.obj
 0001:0001f7e0       _print_best_matches        004207e0 f   T_thread.obj
 0001:0001fb80       _reshuffle_seq             00420b80 f   T_thread.obj
 0001:00020190       _shuffle_rand              00421190 f   T_thread.obj
 0001:00020250       _pick_best_aligns          00421250 f   T_thread.obj
 0001:00020390       _pick_best_zscore          00421390 f   T_thread.obj
 0001:00020460       _comp_stru                 00421460 f   T_thread.obj
 0001:000209d0       _get_ineq                  004219d0 f   T_thread.obj
 0001:00020d90       _get_ineq_dec              00421d90 f   T_thread.obj
 0001:00020fc0       _rewind                    00421fc0 f   LIBCD:rewind.obj
 0001:00021090       _printf                    00422090 f   LIBCD:printf.obj
 0001:00021110       _strcpy                    00422110 f   LIBCD:strcat.obj
 0001:00021120       _strcat                    00422120 f   LIBCD:strcat.obj
 0001:00021200       _sprintf                   00422200 f   LIBCD:sprintf.obj
 0001:00021300       __fpmath                   00422300 f   LIBCD:fpinit.obj
 0001:00021330       __fpclear                  00422330 f   LIBCD:fpinit.obj
 0001:00021340       __cfltcvt_init             00422340 f   LIBCD:fpinit.obj
 0001:00021390       ___setfflag                00422390 f   LIBCD:fpinit.obj
 0001:000213b0       _malloc                    004223b0 f   LIBCD:dbgheap.obj
 0001:000213d0       __malloc_dbg               004223d0 f   LIBCD:dbgheap.obj
 0001:00021400       __nh_malloc                00422400 f   LIBCD:dbgheap.obj
 0001:00021420       __nh_malloc_dbg            00422420 f   LIBCD:dbgheap.obj
 0001:00021470       __heap_alloc               00422470 f   LIBCD:dbgheap.obj
 0001:00021490       __heap_alloc_dbg           00422490 f   LIBCD:dbgheap.obj
 0001:000217b0       _calloc                    004227b0 f   LIBCD:dbgheap.obj
 0001:000217d0       __calloc_dbg               004227d0 f   LIBCD:dbgheap.obj
 0001:00021830       _realloc                   00422830 f   LIBCD:dbgheap.obj
 0001:00021850       __realloc_dbg              00422850 f   LIBCD:dbgheap.obj
 0001:00021da0       __expand                   00422da0 f   LIBCD:dbgheap.obj
 0001:00021dc0       __expand_dbg               00422dc0 f   LIBCD:dbgheap.obj
 0001:00021df0       _free                      00422df0 f   LIBCD:dbgheap.obj
 0001:00021e10       __free_dbg                 00422e10 f   LIBCD:dbgheap.obj
 0001:00022200       __msize                    00423200 f   LIBCD:dbgheap.obj
 0001:00022220       __msize_dbg                00423220 f   LIBCD:dbgheap.obj
 0001:00022370       __CrtSetBreakAlloc         00423370 f   LIBCD:dbgheap.obj
 0001:00022390       __CrtSetDbgBlockType       00423390 f   LIBCD:dbgheap.obj
 0001:00022420       __CrtSetAllocHook          00423420 f   LIBCD:dbgheap.obj
 0001:000224d0       __CrtCheckMemory           004234d0 f   LIBCD:dbgheap.obj
 0001:00022830       __CrtSetDbgFlag            00423830 f   LIBCD:dbgheap.obj
 0001:00022860       __CrtDoForAllClientObjects 00423860 f   LIBCD:dbgheap.obj
 0001:000228c0       __CrtIsValidPointer        004238c0 f   LIBCD:dbgheap.obj
 0001:00022910       __CrtIsValidHeapPointer    00423910 f   LIBCD:dbgheap.obj
 0001:000229a0       __CrtIsMemoryBlock         004239a0 f   LIBCD:dbgheap.obj
 0001:00022a70       __CrtSetDumpClient         00423a70 f   LIBCD:dbgheap.obj
 0001:00022a90       __CrtMemCheckpoint         00423a90 f   LIBCD:dbgheap.obj
 0001:00022bf0       __CrtMemDifference         00423bf0 f   LIBCD:dbgheap.obj
 0001:00022d20       __CrtMemDumpAllObjectsSince 00423d20 f   LIBCD:dbgheap.obj
 0001:000230f0       __CrtDumpMemoryLeaks       004240f0 f   LIBCD:dbgheap.obj
 0001:00023170       __CrtMemDumpStatistics     00424170 f   LIBCD:dbgheap.obj
 0001:00023240       _strncmp                   00424240 f   LIBCD:strncmp.obj
 0001:00023280       _strlen                    00424280 f   LIBCD:strlen.obj
 0001:00023300       __cinit                    00424300 f   LIBCD:crt0dat.obj
 0001:00023340       _exit                      00424340 f   LIBCD:crt0dat.obj
 0001:00023360       __exit                     00424360 f   LIBCD:crt0dat.obj
 0001:00023380       __cexit                    00424380 f   LIBCD:crt0dat.obj
 0001:000233a0       __c_exit                   004243a0 f   LIBCD:crt0dat.obj
 0001:000234d0       _strcmp                    004244d0 f   LIBCD:strcmp.obj
 0001:00023560       __alloca_probe             00424560 f   LIBCD:chkstk.obj
 0001:00023560       __chkstk                   00424560 f   LIBCD:chkstk.obj
 0001:00023590       _fprintf                   00424590 f   LIBCD:fprintf.obj
 0001:00023640       _strncpy                   00424640 f   LIBCD:strncpy.obj
 0001:00023740       __ftol                     00424740 f   LIBCD:ftol.obj
 0001:00023770       __CIsqrt                   00424770 f   LIBCD:sqrt.obj
 0001:00023784       _sqrt                      00424784 f   LIBCD:sqrt.obj
 0001:00023830       __CIlog                    00424830 f   LIBCD:log.obj
 0001:00023844       _log                       00424844 f   LIBCD:log.obj
 0001:00023900       _fclose                    00424900 f   LIBCD:fclose.obj
 0001:000239e0       __fsopen                   004249e0 f   LIBCD:fopen.obj
 0001:00023ad0       _fopen                     00424ad0 f   LIBCD:fopen.obj
 0001:00023af0       _fscanf                    00424af0 f   LIBCD:fscanf.obj
 0001:00023b80       _atof                      00424b80 f   LIBCD:atof.obj
 0001:00023c00       _atol                      00424c00 f   LIBCD:atox.obj
 0001:00023d00       _atoi                      00424d00 f   LIBCD:atox.obj
 0001:00023d20       __atoi64                   00424d20 f   LIBCD:atox.obj
 0001:00023e50       _fgetc                     00424e50 f   LIBCD:fgetc.obj
 0001:00023ee0       _getc                      00424ee0 f   LIBCD:fgetc.obj
 0001:00023f00       _fgets                     00424f00 f   LIBCD:fgets.obj
 0001:00024030       _strtok                    00425030 f   LIBCD:strtok.obj
 0001:00024170       _strcspn                   00425170 f   LIBCD:strcspn.obj
 0001:000241b0       _strrchr                   004251b0 f   LIBCD:strrchr.obj
 0001:000241e0       __CIpow                    004251e0 f   LIBCD:pow.obj
 0001:000241f9       _pow                       004251f9 f   LIBCD:pow.obj
 0001:00024400       _exp                       00425400 f   LIBCD:87ctran.obj
 0001:0002440a       __CIexp                    0042540a f   LIBCD:87ctran.obj
 0001:00024420       _difftime                  00425420 f   LIBCD:difftime.obj
 0001:00024440       _time                      00425440 f   LIBCD:time.obj
 0001:000245d0       _fabs                      004255d0 f   LIBCD:fabs.obj
 0001:000246d0       ___initstdio               004256d0 f   LIBCD:_file.obj
 0001:00024800       ___endstdio                00425800 f   LIBCD:_file.obj
 0001:00024820       _srand                     00425820 f   LIBCD:rand.obj
 0001:00024830       _rand                      00425830 f   LIBCD:rand.obj
 0001:00024860       _mainCRTStartup            00425860 f   LIBCD:crt0.obj
 0001:00024990       __amsg_exit                00425990 f   LIBCD:crt0.obj
 0001:000249f0       __lseek                    004259f0 f   LIBCD:lseek.obj
 0001:00024ae0       __ioinit                   00425ae0 f   LIBCD:ioinit.obj
 0001:00024df0       __ioterm                   00425df0 f   LIBCD:ioinit.obj
 0001:00024e50       _fflush                    00425e50 f   LIBCD:fflush.obj
 0001:00024eb0       __flush                    00425eb0 f   LIBCD:fflush.obj
 0001:00024f70       __flushall                 00425f70 f   LIBCD:fflush.obj
 0001:00025060       __CrtDbgBreak              00426060 f   LIBCD:dbgrpt.obj
 0001:00025070       __CrtSetReportMode         00426070 f   LIBCD:dbgrpt.obj
 0001:000250d0       __CrtSetReportFile         004260d0 f   LIBCD:dbgrpt.obj
 0001:00025150       __CrtSetReportHook         00426150 f   LIBCD:dbgrpt.obj
 0001:00025170       __CrtDbgReport             00426170 f   LIBCD:dbgrpt.obj
 0001:00025810       __stbuf                    00426810 f   LIBCD:_sftbuf.obj
 0001:00025970       __ftbuf                    00426970 f   LIBCD:_sftbuf.obj
 0001:00025a30       __output                   00426a30 f   LIBCD:output.obj
 0001:000268d0       __flsbuf                   004278d0 f   LIBCD:_flsbuf.obj
 0001:00026b50       __setdefaultprecision      00427b50 f   LIBCD:fp8.obj
 0001:00026b70       __ms_p5_test_fdiv          00427b70 f   LIBCD:testfdiv.obj
 0001:00026bd0       __ms_p5_mp_test_fdiv       00427bd0 f   LIBCD:testfdiv.obj
 0001:00026c20       __forcdecpt                00427c20 f   LIBCD:cvt.obj
 0001:00026cd0       __cropzeros                00427cd0 f   LIBCD:cvt.obj
 0001:00026db0       __positive                 00427db0 f   LIBCD:cvt.obj
 0001:00026de0       __fassign                  00427de0 f   LIBCD:cvt.obj
 0001:00026e30       __cftoe                    00427e30 f   LIBCD:cvt.obj
 0001:00026ff0       __cftof                    00427ff0 f   LIBCD:cvt.obj
 0001:00027180       __cftog                    00428180 f   LIBCD:cvt.obj
 0001:000272f0       __cfltcvt                  004282f0 f   LIBCD:cvt.obj
 0001:00027380       ?_set_new_handler@@YAP6AHI@ZP6AHI@Z@Z 00428380 f   LIBCD:handler.obj
 0001:000273a0       ?_query_new_handler@@YAP6AHI@ZXZ 004283a0 f   LIBCD:handler.obj
 0001:000273b0       __callnewh                 004283b0 f   LIBCD:handler.obj
 0001:000273e0       _memset                    004283e0 f   LIBCD:memset.obj
 0001:00027440       __malloc_base              00428440 f   LIBCD:malloc.obj
 0001:00027460       __nh_malloc_base           00428460 f   LIBCD:malloc.obj
 0001:000274c0       __heap_alloc_base          004284c0 f   LIBCD:malloc.obj
 0001:00027520       __CrtDefaultAllocHook      00428520 f   LIBCD:dbghook.obj
 0001:00027530       __expand_base              00428530 f   LIBCD:expand.obj
 0001:000275c0       __realloc_base             004285c0 f   LIBCD:realloc.obj
 0001:00027790       __free_base                00428790 f   LIBCD:free.obj
 0001:000277e0       __heapchk                  004287e0 f   LIBCD:heapchk.obj
 0001:00027840       __heapset                  00428840 f   LIBCD:heapchk.obj
 0001:00027850       __heap_init                00428850 f   LIBCD:heapinit.obj
 0001:000278a0       __heap_term                004288a0 f   LIBCD:heapinit.obj
 0001:00027940       __get_sbh_threshold        00428940 f   LIBCD:sbheap.obj
 0001:00027950       __set_sbh_threshold        00428950 f   LIBCD:sbheap.obj
 0001:00027970       ___sbh_heap_init           00428970 f   LIBCD:sbheap.obj
 0001:000279d0       ___sbh_find_block          004289d0 f   LIBCD:sbheap.obj
 0001:00027a30       ___sbh_verify_block        00428a30 f   LIBCD:sbheap.obj
 0001:00027a90       ___sbh_free_block          00428a90 f   LIBCD:sbheap.obj
 0001:00028060       ___sbh_alloc_block         00429060 f   LIBCD:sbheap.obj
 0001:000285a0       ___sbh_alloc_new_region    004295a0 f   LIBCD:sbheap.obj
 0001:000286b0       ___sbh_alloc_new_group     004296b0 f   LIBCD:sbheap.obj
 0001:000288a0       ___sbh_resize_block        004298a0 f   LIBCD:sbheap.obj
 0001:00028e90       ___sbh_heapmin             00429e90 f   LIBCD:sbheap.obj
 0001:00028fc0       ___sbh_heap_check          00429fc0 f   LIBCD:sbheap.obj
 0001:000295e0       __isctype                  0042a5e0 f   LIBCD:isctype.obj
 0001:000296a0       __trandisp1                0042a6a0 f   LIBCD:87disp.obj
 0001:00029707       __trandisp2                0042a707 f   LIBCD:87disp.obj
 0001:00029793       __rttospopde               0042a793 f   LIBCD:87disp.obj
 0001:00029798       __rttospop                 0042a798 f   LIBCD:87disp.obj
 0001:0002979a       __rtnospop                 0042a79a f   LIBCD:87disp.obj
 0001:0002979c       __rttosnpop                0042a79c f   LIBCD:87disp.obj
 0001:0002979d       __rtnospopde               0042a79d f   LIBCD:87disp.obj
 0001:000297a4       __rtzeropop                0042a7a4 f   LIBCD:87disp.obj
 0001:000297a6       __rtzeronpop               0042a7a6 f   LIBCD:87disp.obj
 0001:000297ab       __rtonepop                 0042a7ab f   LIBCD:87disp.obj
 0001:000297ad       __rtonenpop                0042a7ad f   LIBCD:87disp.obj
 0001:000297b2       __tosnan1                  0042a7b2 f   LIBCD:87disp.obj
 0001:000297dd       __nosnan2                  0042a7dd f   LIBCD:87disp.obj
 0001:000297df       __tosnan2                  0042a7df f   LIBCD:87disp.obj
 0001:00029807       __nan2                     0042a807 f   LIBCD:87disp.obj
 0001:00029846       __rtindfpop                0042a846 f   LIBCD:87disp.obj
 0001:00029848       __rtindfnpop               0042a848 f   LIBCD:87disp.obj
 0001:00029859       __rttosnpopde              0042a859 f   LIBCD:87disp.obj
 0001:00029863       __rtchsifneg               0042a863 f   LIBCD:87disp.obj
 0001:00029870       __startTwoArgErrorHandling 0042a870 f   LIBCD:genexcep.obj
 0001:00029887       __startOneArgErrorHandling 0042a887 f   LIBCD:genexcep.obj
 0001:000298d0       __twoToTOS                 0042a8d0 f   LIBCD:common.obj
 0001:000298e5       __load_CW                  0042a8e5 f   LIBCD:common.obj
 0001:000298fc       __convertTOStoQNaN         0042a8fc f   LIBCD:common.obj
 0001:00029915       __fload_withFB             0042a915 f   LIBCD:common.obj
 0001:00029958       __checkTOS_withFB          0042a958 f   LIBCD:common.obj
 0001:0002996e       __fast_exit                0042a96e f   LIBCD:common.obj
 0001:0002997b       __math_exit                0042a97b f   LIBCD:common.obj
 0001:000299a5       __check_overflow_exit      0042a9a5 f   LIBCD:common.obj
 0001:000299b9       __check_range_exit         0042a9b9 f   LIBCD:common.obj
 0001:00029a71       __fFEXP                    0042aa71 f   LIBCD:87tran.obj
 0001:00029ad8       __rtinfpopse               0042aad8 f   LIBCD:87tran.obj
 0001:00029ada       __rtinfnpopse              0042aada f   LIBCD:87tran.obj
 0001:00029aea       __fFLN                     0042aaea f   LIBCD:87tran.obj
 0001:00029b9f       __rtinfpop                 0042ab9f f   LIBCD:87tran.obj
 0001:00029ba1       __rtinfnpop                0042aba1 f   LIBCD:87tran.obj
 0001:00029bbe       __ffexpm1                  0042abbe f   LIBCD:87tran.obj
 0001:00029c70       __close                    0042ac70 f   LIBCD:close.obj
 0001:00029c70       _close                     0042ac70 f   LIBCD:close.obj
 0001:00029d60       __freebuf                  0042ad60 f   LIBCD:_freebuf.obj
 0001:00029e00       __openfile                 0042ae00 f   LIBCD:_open.obj
 0001:0002a190       __getstream                0042b190 f   LIBCD:stream.obj
 0001:0002a280       __input                    0042b280 f   LIBCD:input.obj
 0001:0002b780       __fltin                    0042c780 f   LIBCD:cfin.obj
 0001:0002b850       __allmul                   0042c850 f   LIBCD:llmul.obj
 0001:0002b890       __filbuf                   0042c890 f   LIBCD:_filbuf.obj
 0001:0002ba70       __powhlp                   0042ca70 f   LIBCD:powhlp.obj
 0001:0002bce0       __d_inttype                0042cce0 f   LIBCD:powhlp.obj
 0001:0002bd60       __cintrindisp2             0042cd60 f   LIBCD:87cdisp.obj
 0001:0002bd9e       __cintrindisp1             0042cd9e f   LIBCD:87cdisp.obj
 0001:0002bdd4       __ctrandisp2               0042cdd4 f   LIBCD:87cdisp.obj
 0001:0002bf45       __ctrandisp1               0042cf45 f   LIBCD:87cdisp.obj
 0001:0002bf71       __fload                    0042cf71 f   LIBCD:87cdisp.obj
 0001:0002bfb0       ___loctotime_t             0042cfb0 f   LIBCD:dtoxtime.obj
 0001:0002c0a0       __handle_qnan1             0042d0a0 f   LIBCD:fpexcept.obj
 0001:0002c100       __handle_qnan2             0042d100 f   LIBCD:fpexcept.obj
 0001:0002c170       __except1                  0042d170 f   LIBCD:fpexcept.obj
 0001:0002c230       __except2                  0042d230 f   LIBCD:fpexcept.obj
 0001:0002c300       __raise_exc                0042d300 f   LIBCD:fpexcept.obj
 0001:0002c7d0       __handle_exc               0042d7d0 f   LIBCD:fpexcept.obj
 0001:0002cb50       __umatherr                 0042db50 f   LIBCD:fpexcept.obj
 0001:0002cbf0       __set_errno                0042dbf0 f   LIBCD:fpexcept.obj
 0001:0002cc70       __errcode                  0042dc70 f   LIBCD:fpexcept.obj
 0001:0002ccf0       __set_exp                  0042dcf0 f   LIBCD:util.obj
 0001:0002cd30       __get_exp                  0042dd30 f   LIBCD:util.obj
 0001:0002cd60       __add_exp                  0042dd60 f   LIBCD:util.obj
 0001:0002cda0       __set_bexp                 0042dda0 f   LIBCD:util.obj
 0001:0002cde0       __sptype                   0042dde0 f   LIBCD:util.obj
 0001:0002ce60       __decomp                   0042de60 f   LIBCD:util.obj
 0001:0002cfa0       __statfp                   0042dfa0 f   LIBCD:fpctrl.obj
 0001:0002cfc0       __clrfp                    0042dfc0 f   LIBCD:fpctrl.obj
 0001:0002cfe0       __ctrlfp                   0042dfe0 f   LIBCD:fpctrl.obj
 0001:0002d020       __set_statfp               0042e020 f   LIBCD:fpctrl.obj
 0001:0002d0a0       __fcloseall                0042e0a0 f   LIBCD:closeall.obj
 0001:0002d150       __XcptFilter               0042e150 f   LIBCD:winxfltr.obj
 0001:0002d360       __setenvp                  0042e360 f   LIBCD:stdenvp.obj
 0001:0002d4b0       __setargv                  0042e4b0 f   LIBCD:stdargv.obj
 0001:0002d9c0       ___crtGetEnvironmentStringsA 0042e9c0 f   LIBCD:a_env.obj
 0001:0002dbdc       __global_unwind2           0042ebdc f   LIBCD:exsup.obj
 0001:0002dc1e       __local_unwind2            0042ec1e f   LIBCD:exsup.obj
 0001:0002dc76       __NLG_Return2              0042ec76 f   LIBCD:exsup.obj
 0001:0002dc86       __abnormal_termination     0042ec86 f   LIBCD:exsup.obj
 0001:0002dca9       __NLG_Notify1              0042eca9 f   LIBCD:exsup.obj
 0001:0002dcb2       __NLG_Notify               0042ecb2 f   LIBCD:exsup.obj
 0001:0002dcc5       __NLG_Dispatch             0042ecc5 f   LIBCD:exsup.obj
 0001:0002dcd4       __except_handler3          0042ecd4 f   LIBCD:exsup3.obj
 0001:0002dd91       __seh_longjmp_unwind@4     0042ed91 f   LIBCD:exsup3.obj
 0001:0002ddb0       __FF_MSGBANNER             0042edb0 f   LIBCD:crt0msg.obj
 0001:0002de00       __NMSG_WRITE               0042ee00 f   LIBCD:crt0msg.obj
 0001:0002dfc0       __GET_RTERRMSG             0042efc0 f   LIBCD:crt0msg.obj
 0001:0002e010       __dosmaperr                0042f010 f   LIBCD:dosmap.obj
 0001:0002e0a0       __alloc_osfhnd             0042f0a0 f   LIBCD:osfinfo.obj
 0001:0002e1d0       __set_osfhnd               0042f1d0 f   LIBCD:osfinfo.obj
 0001:0002e280       __free_osfhnd              0042f280 f   LIBCD:osfinfo.obj
 0001:0002e350       __get_osfhandle            0042f350 f   LIBCD:osfinfo.obj
 0001:0002e3b0       __open_osfhandle           0042f3b0 f   LIBCD:osfinfo.obj
 0001:0002e4a0       __commit                   0042f4a0 f   LIBCD:commit.obj
 0001:0002e550       __write                    0042f550 f   LIBCD:write.obj
 0001:0002e800       __itoa                     0042f800 f   LIBCD:xtoa.obj
 0001:0002e920       __ltoa                     0042f920 f   LIBCD:xtoa.obj
 0001:0002e960       __ultoa                    0042f960 f   LIBCD:xtoa.obj
 0001:0002e980       __i64toa                   0042f980 f   LIBCD:xtoa.obj
 0001:0002ead0       __ui64toa                  0042fad0 f   LIBCD:xtoa.obj
 0001:0002eaf0       __snprintf                 0042faf0 f   LIBCD:snprintf.obj
 0001:0002ebf0       __vsnprintf                0042fbf0 f   LIBCD:vsnprint.obj
 0001:0002ecf0       _signal                    0042fcf0 f   LIBCD:winsig.obj
 0001:0002ef00       _raise                     0042ff00 f   LIBCD:winsig.obj
 0001:0002f120       ___crtMessageBoxA          00430120 f   LIBCD:crtmbox.obj
 0001:0002f1e0       __isatty                   004301e0 f   LIBCD:isatty.obj
 0001:0002f210       _wctomb                    00430210 f   LIBCD:wctomb.obj
 0001:0002f2b0       __aulldiv                  004302b0 f   LIBCD:ulldiv.obj
 0001:0002f320       __aullrem                  00430320 f   LIBCD:ullrem.obj
 0001:0002f3a0       __getbuf                   004303a0 f   LIBCD:_getbuf.obj
 0001:0002f470       __statusfp                 00430470 f   LIBCD:ieee87.obj
 0001:0002f490       __clearfp                  00430490 f   LIBCD:ieee87.obj
 0001:0002f4b0       __control87                004304b0 f   LIBCD:ieee87.obj
 0001:0002f500       __controlfp                00430500 f   LIBCD:ieee87.obj
 0001:0002f520       __fpreset                  00430520 f   LIBCD:ieee87.obj
 0001:0002f910       __tolower                  00430910 f   LIBCD:tolower.obj
 0001:0002f920       _tolower                   00430920 f   LIBCD:tolower.obj
 0001:0002fa50       __ZeroTail                 00430a50 f   LIBCD:intrncvt.obj
 0001:0002fae0       __IncMan                   00430ae0 f   LIBCD:intrncvt.obj
 0001:0002fb90       __RoundMan                 00430b90 f   LIBCD:intrncvt.obj
 0001:0002fc70       __CopyMan                  00430c70 f   LIBCD:intrncvt.obj
 0001:0002fcc0       __FillZeroMan              00430cc0 f   LIBCD:intrncvt.obj
 0001:0002fcf0       __IsZeroMan                00430cf0 f   LIBCD:intrncvt.obj
 0001:0002fd30       __ShrMan                   00430d30 f   LIBCD:intrncvt.obj
 0001:0002fe20       __ld12cvt                  00430e20 f   LIBCD:intrncvt.obj
 0001:00030070       __ld12tod                  00431070 f   LIBCD:intrncvt.obj
 0001:00030090       __ld12tof                  00431090 f   LIBCD:intrncvt.obj
 0001:000300b0       __ld12told                 004310b0 f   LIBCD:intrncvt.obj
 0001:00030170       __atodbl                   00431170 f   LIBCD:intrncvt.obj
 0001:000301b0       __atoldbl                  004311b0 f   LIBCD:intrncvt.obj
 0001:000301f0       __atoflt                   004311f0 f   LIBCD:intrncvt.obj
 0001:00030230       __fptostr                  00431230 f   LIBCD:_fptostr.obj
 0001:00030330       __fltout                   00431330 f   LIBCD:cfout.obj
 0001:000303b0       ___dtold                   004313b0 f   LIBCD:cfout.obj
 0001:00030520       _memmove                   00431520 f   LIBCD:memmove.obj
 0001:00030860       __fptrap                   00431860 f   LIBCD:crt0fp.obj
 0001:00030870       _memcpy                    00431870 f   LIBCD:memcpy.obj
 0001:00030bb0       ___crtGetStringTypeA       00431bb0 f   LIBCD:a_str.obj
 0001:00030d70       __87except                 00431d70 f   LIBCD:87except.obj
 0001:00030ef0       _fdiv_main_routine         00431ef0 f   LIBCD:adj_fdiv.obj
 0001:00031007       __adj_fdiv_r               00432007 f   LIBCD:adj_fdiv.obj
 0001:000314a6       __fdivp_sti_st             004324a6 f   LIBCD:adj_fdiv.obj
 0001:000314b9       __fdivrp_sti_st            004324b9 f   LIBCD:adj_fdiv.obj
 0001:000314cc       __adj_fdiv_m32             004324cc f   LIBCD:adj_fdiv.obj
 0001:00031518       __adj_fdiv_m64             00432518 f   LIBCD:adj_fdiv.obj
 0001:00031564       __adj_fdiv_m16i            00432564 f   LIBCD:adj_fdiv.obj
 0001:00031598       __adj_fdiv_m32i            00432598 f   LIBCD:adj_fdiv.obj
 0001:000315cc       __adj_fdivr_m32            004325cc f   LIBCD:adj_fdiv.obj
 0001:00031618       __adj_fdivr_m64            00432618 f   LIBCD:adj_fdiv.obj
 0001:00031664       __adj_fdivr_m16i           00432664 f   LIBCD:adj_fdiv.obj
 0001:00031698       __adj_fdivr_m32i           00432698 f   LIBCD:adj_fdiv.obj
 0001:000316cc       __safe_fdiv                004326cc f   LIBCD:adj_fdiv.obj
 0001:000316e1       __safe_fdivr               004326e1 f   LIBCD:adj_fdiv.obj
 0001:000316f6       __fprem_common             004326f6 f   LIBCD:adj_fdiv.obj
 0001:000318fc       __adj_fprem                004328fc f   LIBCD:adj_fdiv.obj
 0001:000319ae       __fprem1_common            004329ae f   LIBCD:adj_fdiv.obj
 0001:00031bb4       __adj_fprem1               00432bb4 f   LIBCD:adj_fdiv.obj
 0001:00031c69       __safe_fprem               00432c69 f   LIBCD:adj_fdiv.obj
 0001:00031c6f       __safe_fprem1              00432c6f f   LIBCD:adj_fdiv.obj
 0001:00031c75       __adj_fpatan               00432c75 f   LIBCD:adj_fdiv.obj
 0001:00031c78       __adj_fptan                00432c78 f   LIBCD:adj_fdiv.obj
 0001:00031c80       _open                      00432c80 f   LIBCD:open.obj
 0001:00031c80       __open                     00432c80 f   LIBCD:open.obj
 0001:00031cc0       __sopen                    00432cc0 f   LIBCD:open.obj
 0001:000321b0       _mbtowc                    004331b0 f   LIBCD:mbtowc.obj
 0001:00032310       _isalpha                   00433310 f   LIBCD:_ctype.obj
 0001:00032360       _isupper                   00433360 f   LIBCD:_ctype.obj
 0001:000323a0       _islower                   004333a0 f   LIBCD:_ctype.obj
 0001:000323e0       _isdigit                   004333e0 f   LIBCD:_ctype.obj
 0001:00032420       _isxdigit                  00433420 f   LIBCD:_ctype.obj
 0001:00032470       _isspace                   00433470 f   LIBCD:_ctype.obj
 0001:000324b0       _ispunct                   004334b0 f   LIBCD:_ctype.obj
 0001:000324f0       _isalnum                   004334f0 f   LIBCD:_ctype.obj
 0001:00032540       _isprint                   00433540 f   LIBCD:_ctype.obj
 0001:00032590       _isgraph                   00433590 f   LIBCD:_ctype.obj
 0001:000325e0       _iscntrl                   004335e0 f   LIBCD:_ctype.obj
 0001:00032620       ___isascii                 00433620 f   LIBCD:_ctype.obj
 0001:00032630       ___toascii                 00433630 f   LIBCD:_ctype.obj
 0001:00032640       ___iscsymf                 00433640 f   LIBCD:_ctype.obj
 0001:000326a0       ___iscsym                  004336a0 f   LIBCD:_ctype.obj
 0001:00032700       __allshl                   00433700 f   LIBCD:llshl.obj
 0001:00032720       _ungetc                    00433720 f   LIBCD:ungetc.obj
 0001:00032860       ___strgtold12              00433860 f   LIBCD:strgtold.obj
 0001:00033390       ___STRINGTOLD              00434390 f   LIBCD:strgtold.obj
 0001:000333e0       __read                     004343e0 f   LIBCD:read.obj
 0001:000333e0       _read                      004343e0 f   LIBCD:read.obj
 0001:00033840       __frnd                     00434840 f   LIBCD:frnd.obj
 0001:00033860       __copysign                 00434860 f   LIBCD:ieeemisc.obj
 0001:00033890       __chgsign                  00434890 f   LIBCD:ieeemisc.obj
 0001:000338c0       __scalb                    004348c0 f   LIBCD:ieeemisc.obj
 0001:000338e0       __logb                     004348e0 f   LIBCD:ieeemisc.obj
 0001:00033a10       __nextafter                00434a10 f   LIBCD:ieeemisc.obj
 0001:00033d50       __finite                   00434d50 f   LIBCD:ieeemisc.obj
 0001:00033d80       __isnan                    00434d80 f   LIBCD:ieeemisc.obj
 0001:00033dd0       __fpclass                  00434dd0 f   LIBCD:ieeemisc.obj
 0001:00033eb0       ___tzset                   00434eb0 f   LIBCD:tzset.obj
 0001:00033ee0       __tzset                    00434ee0 f   LIBCD:tzset.obj
 0001:00034260       __isindst                  00435260 f   LIBCD:tzset.obj
 0001:00034760       __matherr                  00435760 f   LIBCD:matherr.obj
 0001:00034770       __setmbcp                  00435770 f   LIBCD:mbctype.obj
 0001:00034ee0       __getmbcp                  00435ee0 f   LIBCD:mbctype.obj
 0001:00034f00       ___initmbctable            00435f00 f   LIBCD:mbctype.obj
 0001:00034f30       ___crtLCMapStringA         00435f30 f   LIBCD:a_map.obj
 0001:00035290       ___addl                    00436290 f   LIBCD:mantold.obj
 0001:000352d0       ___add_12                  004362d0 f   LIBCD:mantold.obj
 0001:00035380       ___shl_12                  00436380 f   LIBCD:mantold.obj
 0001:000353e0       ___shr_12                  004363e0 f   LIBCD:mantold.obj
 0001:00035450       ___mtold12                 00436450 f   LIBCD:mantold.obj
 0001:00035590       _$I10_OUTPUT               00436590 f   LIBCD:x10fout.obj
 0001:00035ab0       __chsize                   00436ab0 f   LIBCD:chsize.obj
 0001:00035d20       ___ld12mul                 00436d20 f   LIBCD:tenpow.obj
 0001:00036160       ___multtenpow12            00437160 f   LIBCD:tenpow.obj
 0001:00036230       _ldexp                     00437230 f   LIBCD:ldexp.obj
 0001:000364f0       _getenv                    004374f0 f   LIBCD:getenv.obj
 0001:000365c0       __setmode                  004375c0 f   LIBCD:setmode.obj
 0001:000366c0       __mbsnbicoll               004376c0 f   LIBCD:mbsnbico.obj
 0001:00036710       ___wtomb_environ           00437710 f   LIBCD:wtombenv.obj
 0001:000367c0       ___crtCompareStringA       004377c0 f   LIBCD:a_cmp.obj
 0001:00036c10       ___crtsetenv               00437c10 f   LIBCD:setenv.obj
 0001:00037060       __mbschr                   00438060 f   LIBCD:mbschr.obj
 0001:00037140       _strchr                    00438140 f   LIBCD:strchr.obj
 0001:00037146       ___from_strstr_to_strchr   00438146 f   LIBCD:strchr.obj
 0001:00037200       _IsBadWritePtr@8           00438200 f   kernel32:KERNEL32.dll
 0001:00037206       _IsBadReadPtr@8            00438206 f   kernel32:KERNEL32.dll
 0001:0003720c       _HeapValidate@12           0043820c f   kernel32:KERNEL32.dll
 0001:00037212       _ExitProcess@4             00438212 f   kernel32:KERNEL32.dll
 0001:00037218       _TerminateProcess@8        00438218 f   kernel32:KERNEL32.dll
 0001:0003721e       _GetCurrentProcess@0       0043821e f   kernel32:KERNEL32.dll
 0001:00037224       _GetTimeZoneInformation@4  00438224 f   kernel32:KERNEL32.dll
 0001:0003722a       _GetSystemTime@4           0043822a f   kernel32:KERNEL32.dll
 0001:00037230       _GetLocalTime@4            00438230 f   kernel32:KERNEL32.dll
 0001:00037236       _GetCommandLineA@0         00438236 f   kernel32:KERNEL32.dll
 0001:0003723c       _GetVersion@0              0043823c f   kernel32:KERNEL32.dll
 0001:00037242       _GetLastError@0            00438242 f   kernel32:KERNEL32.dll
 0001:00037248       _SetFilePointer@16         00438248 f   kernel32:KERNEL32.dll
 0001:0003724e       _SetHandleCount@4          0043824e f   kernel32:KERNEL32.dll
 0001:00037254       _GetStdHandle@4            00438254 f   kernel32:KERNEL32.dll
 0001:0003725a       _GetFileType@4             0043825a f   kernel32:KERNEL32.dll
 0001:00037260       _GetStartupInfoA@4         00438260 f   kernel32:KERNEL32.dll
 0001:00037266       _DebugBreak@0              00438266 f   kernel32:KERNEL32.dll
 0001:0003726c       _WriteFile@20              0043826c f   kernel32:KERNEL32.dll
 0001:00037272       _InterlockedDecrement@4    00438272 f   kernel32:KERNEL32.dll
 0001:00037278       _OutputDebugStringA@4      00438278 f   kernel32:KERNEL32.dll
 0001:0003727e       _GetProcAddress@8          0043827e f   kernel32:KERNEL32.dll
 0001:00037284       _LoadLibraryA@4            00438284 f   kernel32:KERNEL32.dll
 0001:0003728a       _InterlockedIncrement@4    0043828a f   kernel32:KERNEL32.dll
 0001:00037290       _GetModuleFileNameA@12     00438290 f   kernel32:KERNEL32.dll
 0001:00037296       _GetModuleHandleA@4        00438296 f   kernel32:KERNEL32.dll
 0001:0003729c       _HeapAlloc@12              0043829c f   kernel32:KERNEL32.dll
 0001:000372a2       _HeapReAlloc@16            004382a2 f   kernel32:KERNEL32.dll
 0001:000372a8       _HeapFree@12               004382a8 f   kernel32:KERNEL32.dll
 0001:000372ae       _HeapDestroy@4             004382ae f   kernel32:KERNEL32.dll
 0001:000372b4       _HeapCreate@12             004382b4 f   kernel32:KERNEL32.dll
 0001:000372ba       _VirtualFree@12            004382ba f   kernel32:KERNEL32.dll
 0001:000372c0       _VirtualAlloc@16           004382c0 f   kernel32:KERNEL32.dll
 0001:000372c6       _CloseHandle@4             004382c6 f   kernel32:KERNEL32.dll
 0001:000372cc       _RaiseException@16         004382cc f   kernel32:KERNEL32.dll
 0001:000372d2       _UnhandledExceptionFilter@4 004382d2 f   kernel32:KERNEL32.dll
 0001:000372d8       _FreeEnvironmentStringsA@4 004382d8 f   kernel32:KERNEL32.dll
 0001:000372de       _FreeEnvironmentStringsW@4 004382de f   kernel32:KERNEL32.dll
 0001:000372e4       _WideCharToMultiByte@32    004382e4 f   kernel32:KERNEL32.dll
 0001:000372ea       _GetEnvironmentStrings@0   004382ea f   kernel32:KERNEL32.dll
 0001:000372f0       _GetEnvironmentStringsW@0  004382f0 f   kernel32:KERNEL32.dll
 0001:000372f6       _RtlUnwind@16              004382f6 f   kernel32:KERNEL32.dll
 0001:000372fc       _SetStdHandle@8            004382fc f   kernel32:KERNEL32.dll
 0001:00037302       _FlushFileBuffers@4        00438302 f   kernel32:KERNEL32.dll
 0001:00037308       _SetConsoleCtrlHandler@8   00438308 f   kernel32:KERNEL32.dll
 0001:0003730e       _MultiByteToWideChar@24    0043830e f   kernel32:KERNEL32.dll
 0001:00037314       _GetStringTypeA@20         00438314 f   kernel32:KERNEL32.dll
 0001:0003731a       _GetStringTypeW@16         0043831a f   kernel32:KERNEL32.dll
 0001:00037320       _CreateFileA@28            00438320 f   kernel32:KERNEL32.dll
 0001:00037326       _ReadFile@20               00438326 f   kernel32:KERNEL32.dll
 0001:0003732c       _GetCPInfo@8               0043832c f   kernel32:KERNEL32.dll
 0001:00037332       _GetACP@0                  00438332 f   kernel32:KERNEL32.dll
 0001:00037338       _GetOEMCP@0                00438338 f   kernel32:KERNEL32.dll
 0001:0003733e       _LCMapStringA@24           0043833e f   kernel32:KERNEL32.dll
 0001:00037344       _LCMapStringW@24           00438344 f   kernel32:KERNEL32.dll
 0001:0003734a       _SetEndOfFile@4            0043834a f   kernel32:KERNEL32.dll
 0001:00037350       _CompareStringA@24         00438350 f   kernel32:KERNEL32.dll
 0001:00037356       _CompareStringW@24         00438356 f   kernel32:KERNEL32.dll
 0001:0003735c       _SetEnvironmentVariableA@8 0043835c f   kernel32:KERNEL32.dll
 0002:0000001c       ??_C@_07JOCO@?$CFs?7?$CFd?5?6?$AA@ 0043901c     Align.obj
 0002:00000024       ??_C@_01BJG@?6?$AA@        00439024     Align.obj
 0002:00000028       ??_C@_0DE@CMIA@?6?5Sequence?5alignments?5?4?4?4?5?5throu@ 00439028     Align.obj
 0002:0000005c       ??_C@_09EKFB@?5?5?$CFs_?$CFd?5?5?$AA@ 0043905c     Align.obj
 0002:00000068       ??_C@_0BD@BKPI@?6?5Shuffling?5?4?4?4?5?5?6?$AA@ 00439068     Align.obj
 0002:00000080       __real@8@40008000000000000000 00439080     Align.obj
 0002:00000088       __real@8@4001a000000000000000 00439088     Align.obj
 0002:00000090       ??_C@_04BHJK@?6?$CFs?6?$AA@ 00439090     Align.obj
 0002:00000098       ??_C@_0O@HPLC@?$CFs?5?5?$CI?$CFs?$CF5?41f?$CJ?$AA@ 00439098     Align.obj
 0002:000000a8       ??_C@_0BH@KOHM@?$CFs?5?5?$CI?$CFs?$CF5?41f?5?5?$CFs?$CF5?41f?$CJ?$AA@ 004390a8     Align.obj
 0002:000000c0       ??_C@_07BJDP@?$CFalign?$DN?$AA@ 004390c0     Align.obj
 0002:000000c8       ??_C@_07DKMH@?$CFident?$DN?$AA@ 004390c8     Align.obj
 0002:000000d0       __real@8@4005c800000000000000 004390d0     Align.obj
 0002:000000d8       ??_C@_07KMBJ@?$CFs?6?$CFs?6?6?$AA@ 004390d8     Align.obj
 0002:000000e0       ??_C@_06IPHK@?$CFs?6?$CFs?6?$AA@ 004390e0     Align.obj
 0002:000000e8       ??_C@_03DMDD@?5?9?5?$AA@   004390e8     Align.obj
 0002:000000ec       ??_C@_08NNEM@?5?5?5match?$AA@ 004390ec     Align.obj
 0002:000000f8       ??_C@_08JCFH@?5?5?5query?$AA@ 004390f8     Align.obj
 0002:00000104       ??_C@_03MFGH@?5?5?5?$AA@   00439104     Align.obj
 0002:00000108       ??_C@_01FCOA@?5?$AA@       00439108     Align.obj
 0002:0000010c       ??_C@_01FNHM@d?$AA@        0043910c     Align.obj
 0002:00000110       ??_C@_01JAP@i?$AA@         00439110     Align.obj
 0002:00000114       ??_C@_02DILL@?$CFs?$AA@    00439114     Align.obj
 0002:00000118       ??_C@_01PJCK@?4?$AA@       00439118     Align.obj
 0002:0000011c       ??_C@_0BN@KBEL@?5gap?5counter?5i?$DN?$CFd?5aGaps?$DN?$CFd?5?6?$AA@ 0043911c     Align.obj
 0002:0000013c       ??_C@_0DI@EPJK@query?$DN?5?$CFs?7match?$DN?5?$CFs?7energy?$DN?5?$CF6?42@ 0043913c     Align.obj
 0002:00000174       ??_C@_0BB@JOEO@local?$CIstru?9stru?$CJ?$AA@ 00439174     Align.obj
 0002:00000188       ??_C@_0BC@HOLC@global?$CIstru?9stru?$CJ?$AA@ 00439188     Align.obj
 0002:0000019c       ??_C@_0BA@OIOP@local?$CIseq?9stru?$CJ?$AA@ 0043919c     Align.obj
 0002:000001ac       ??_C@_0BB@BEDD@global?$CIseq?9stru?$CJ?$AA@ 004391ac     Align.obj
 0002:000001c0       ??_C@_02MECO@?$CFd?$AA@    004391c0     Align.obj
 0002:000001c4       ??_C@_0P@JKKK@local?$CIseq?9seq?$CJ?$AA@ 004391c4     Align.obj
 0002:000001d4       ??_C@_0BA@EGDP@global?$CIseq?9seq?$CJ?$AA@ 004391d4     Align.obj
 0002:000001e4       ??_C@_01GJD@?9?$AA@        004391e4     Align.obj
 0002:000001e8       ??_C@_00A@?$AA@            004391e8     Align.obj
 0002:000001ec       ??_C@_03ILHE@GAP?$AA@      004391ec     Align.obj
 0002:000001f0       ??_C@_07BCF@?$CFs?7?$CFs?5?6?$AA@ 004391f0     Align.obj
 0002:000001f8       ??_C@_0CF@ELMN@length?$DN?5?$CFd?7?5score?$DN?5?$CF6?42f?7?5type?$DN?5@ 004391f8     Align.obj
 0002:00000220       ??_C@_0CM@FOJD@?$CFs?7?$CFs?7?5length?$DN?5?$CFd?7?5score?$DN?5?$CF6?42f?7@ 00439220     Align.obj
 0002:0000024c       ??_C@_0P@MOPN@?5See?5file?5?$CFs?5?6?$AA@ 0043924c     Align.obj
 0002:0000025c       ??_C@_0CB@OIAK@?5Sequence?5alignment?3?5?7?$CFs?5vs?5?$CFs?5?6@ 0043925c     Align.obj
 0002:00000280       ??_C@_06IJDF@?5?$CF3?40f?$AA@ 00439280     Align.obj
 0002:00000288       ??_C@_0N@DDA@?6?5DP?5table?3?6?$AA@ 00439288     Align.obj
 0002:00000298       ??_C@_04NOLC@?$CFs?5?6?$AA@ 00439298     Align.obj
 0002:000002a0       ??_C@_0DD@GCDA@?5Sequence?5?$CFs?5as?5defined?5in?5the?5c@ 004392a0     Align.obj
 0002:000002d4       ??_C@_0CH@MDEA@?5value?5?5?$CF3?40f?5trace?5?$CFd?5row?5?$CFd?5co@ 004392d4     Align.obj
 0002:00000300       __real@8@00000000000000000000 00439300     Align.obj
 0002:00000308       ??_C@_0DG@EPMK@?5Sorry?0?5symbol?5?$CFs?5does?5not?5have?5@ 00439308     Alphabet.obj
 0002:00000340       ??_C@_0DC@OPKK@?5WARNING?5?9?5MAXS?5small?5and?5alphab@ 00439340     Alphabet.obj
 0002:00000374       ??_C@_03BMOB@USR?$AA@      00439374     Alphabet.obj
 0002:00000378       ??_C@_03EIAA@HST?$AA@      00439378     Alphabet.obj
 0002:0000037c       ??_C@_03COIO@CST?$AA@      0043937c     Alphabet.obj
 0002:00000380       ??_C@_03HAHB@DEL?$AA@      00439380     Alphabet.obj
 0002:00000384       ??_C@_03NMAO@INS?$AA@      00439384     Alphabet.obj
 0002:00000388       ??_C@_03MJMD@ALL?$AA@      00439388     Alphabet.obj
 0002:0000038c       ??_C@_03GCGK@CHN?$AA@      0043938c     Alphabet.obj
 0002:00000390       ??_C@_03GKPD@CH?9?$AA@     00439390     Alphabet.obj
 0002:00000394       ??_C@_03GOON@CRG?$AA@      00439394     Alphabet.obj
 0002:00000398       ??_C@_03JMEF@CHG?$AA@      00439398     Alphabet.obj
 0002:0000039c       ??_C@_03IBEA@POL?$AA@      0043939c     Alphabet.obj
 0002:000003a0       ??_C@_03HJHB@HYD?$AA@      004393a0     Alphabet.obj
 0002:000003a4       ??_C@_03KPJM@VAL?$AA@      004393a4     Alphabet.obj
 0002:000003a8       ??_C@_03NGPG@TYR?$AA@      004393a8     Alphabet.obj
 0002:000003ac       ??_C@_03NHD@TRP?$AA@       004393ac     Alphabet.obj
 0002:000003b0       ??_C@_03KKPF@THR?$AA@      004393b0     Alphabet.obj
 0002:000003b4       ??_C@_03ONMA@SER?$AA@      004393b4     Alphabet.obj
 0002:000003b8       ??_C@_03ONAE@PRO?$AA@      004393b8     Alphabet.obj
 0002:000003bc       ??_C@_03BODK@PHE?$AA@      004393bc     Alphabet.obj
 0002:000003c0       ??_C@_03EPBK@MET?$AA@      004393c0     Alphabet.obj
 0002:000003c4       ??_C@_03MNLO@LYS?$AA@      004393c4     Alphabet.obj
 0002:000003c8       ??_C@_03LHJL@LEU?$AA@      004393c8     Alphabet.obj
 0002:000003cc       ??_C@_03KHFJ@ILE?$AA@      004393cc     Alphabet.obj
 0002:000003d0       ??_C@_03OPEN@HIS?$AA@      004393d0     Alphabet.obj
 0002:000003d4       ??_C@_03IMAP@GLY?$AA@      004393d4     Alphabet.obj
 0002:000003d8       ??_C@_03HCOL@GLU?$AA@      004393d8     Alphabet.obj
 0002:000003dc       ??_C@_03HAJK@GLN?$AA@      004393dc     Alphabet.obj
 0002:000003e0       ??_C@_03ODGK@CYS?$AA@      004393e0     Alphabet.obj
 0002:000003e4       ??_C@_03CAPP@ASP?$AA@      004393e4     Alphabet.obj
 0002:000003e8       ??_C@_03CCEF@ASN?$AA@      004393e8     Alphabet.obj
 0002:000003ec       ??_C@_03MKMA@ARG?$AA@      004393ec     Alphabet.obj
 0002:000003f0       ??_C@_03JNLA@ALA?$AA@      004393f0     Alphabet.obj
 0002:000003f4       ??_C@_01KBCC@v?$AA@        004393f4     Alphabet.obj
 0002:000003f8       ??_C@_01KAHP@y?$AA@        004393f8     Alphabet.obj
 0002:000003fc       ??_C@_01LLF@w?$AA@         004393fc     Alphabet.obj
 0002:00000400       ??_C@_01PEAM@t?$AA@        00439400     Alphabet.obj
 0002:00000404       ??_C@_01KBOJ@s?$AA@        00439404     Alphabet.obj
 0002:00000408       ??_C@_01FOFA@p?$AA@        00439408     Alphabet.obj
 0002:0000040c       ??_C@_01IFC@f?$AA@         0043940c     Alphabet.obj
 0002:00000410       ??_C@_01KDFD@m?$AA@        00439410     Alphabet.obj
 0002:00000414       ??_C@_01FMCB@k?$AA@        00439414     Alphabet.obj
 0002:00000418       ??_C@_01JME@l?$AA@         00439418     Alphabet.obj
 0002:0000041c       ??_C@_01KDJI@h?$AA@        0043941c     Alphabet.obj
 0002:00000420       ??_C@_01KCMF@g?$AA@        00439420     Alphabet.obj
 0002:00000424       ??_C@_01PHOL@e?$AA@        00439424     Alphabet.obj
 0002:00000428       ??_C@_01PEMH@q?$AA@        00439428     Alphabet.obj
 0002:0000042c       ??_C@_01IJJ@c?$AA@         0043942c     Alphabet.obj
 0002:00000430       ??_C@_01FMOK@n?$AA@        00439430     Alphabet.obj
 0002:00000434       ??_C@_01LHO@r?$AA@         00439434     Alphabet.obj
 0002:00000438       ??_C@_01FNLH@a?$AA@        00439438     Alphabet.obj
 0002:0000043c       ??_C@_01PDMC@V?$AA@        0043943c     Alphabet.obj
 0002:00000440       ??_C@_01PCJP@Y?$AA@        00439440     Alphabet.obj
 0002:00000444       ??_C@_01FJFF@W?$AA@        00439444     Alphabet.obj
 0002:00000448       ??_C@_01KGOM@T?$AA@        00439448     Alphabet.obj
 0002:0000044c       ??_C@_01PDAJ@S?$AA@        0043944c     Alphabet.obj
 0002:00000450       ??_C@_01MLA@P?$AA@         00439450     Alphabet.obj
 0002:00000454       ??_C@_01FKLC@F?$AA@        00439454     Alphabet.obj
 0002:00000458       ??_C@_01PBLD@M?$AA@        00439458     Alphabet.obj
 0002:0000045c       ??_C@_01OMB@K?$AA@         0043945c     Alphabet.obj
 0002:00000460       ??_C@_01FLCE@L?$AA@        00439460     Alphabet.obj
 0002:00000464       ??_C@_01FLOP@I?$AA@        00439464     Alphabet.obj
 0002:00000468       ??_C@_01PBHI@H?$AA@        00439468     Alphabet.obj
 0002:0000046c       ??_C@_01PACF@G?$AA@        0043946c     Alphabet.obj
 0002:00000470       ??_C@_01KFAL@E?$AA@        00439470     Alphabet.obj
 0002:00000474       ??_C@_01KGCH@Q?$AA@        00439474     Alphabet.obj
 0002:00000478       ??_C@_01FKHJ@C?$AA@        00439478     Alphabet.obj
 0002:0000047c       ??_C@_01PJM@D?$AA@         0043947c     Alphabet.obj
 0002:00000480       ??_C@_01OAK@N?$AA@         00439480     Alphabet.obj
 0002:00000484       ??_C@_01FJJO@R?$AA@        00439484     Alphabet.obj
 0002:00000488       ??_C@_01PFH@A?$AA@         00439488     Alphabet.obj
 0002:0000048c       ??_C@_01PKMN@?$DP?$AA@     0043948c     Alphabet.obj
 0002:00000490       ??_C@_01KPOD@?$DN?$AA@     00439490     Alphabet.obj
 0002:00000494       ??_C@_01NCG@Z?$AA@         00439494     Alphabet.obj
 0002:00000498       ??_C@_01KEFG@J?$AA@        00439498     Alphabet.obj
 0002:0000049c       ??_C@_01PJOB@?$CL?$AA@     0043949c     Alphabet.obj
 0002:000004a0       ??_C@_01FDHG@?$CK?$AA@     004394a0     Alphabet.obj
 0002:000004a4       ??_C@_01FIAI@X?$AA@        004394a4     Alphabet.obj
 0002:000004a8       ??_C@_01MHL@U?$AA@         004394a8     Alphabet.obj
 0002:000004ac       ??_C@_01KEJN@O?$AA@        004394ac     Alphabet.obj
 0002:000004b0       ??_C@_01PAOO@B?$AA@        004394b0     Alphabet.obj
 0002:000004b4       ??_C@_03CLCB@ERR?$AA@      004394b4     Alphabet.obj
 0002:000004b8       ??_C@_0O@JNFF@local_pointer?$AA@ 004394b8     Alphabet.obj
 0002:000004c8       ??_C@_0CH@MFDN@?5Sequence?5?$CFs?5?$CFsof?5a?5MEMBRANE?5pro@ 004394c8     Alphabet.obj
 0002:000004f0       ??_C@_0CL@LCOL@?6?5WARNING?3?5average?5hydrophobicit@ 004394f0     Alphabet.obj
 0002:0000051c       ??_C@_0BA@PPBO@is?5very?5likely?5?$AA@ 0043951c     Alphabet.obj
 0002:0000052c       ??_C@_0L@EBLA@is?5likely?5?$AA@ 0043952c     Alphabet.obj
 0002:00000538       ??_C@_07NILM@may?5be?5?$AA@ 00439538     Alphabet.obj
 0002:00000540       ??_C@_0CH@NPIG@unable?5to?5allocate?5memory?5for?5tn@ 00439540     Fea_mod2.obj
 0002:00000568       ??_C@_0CG@MPHH@unable?5to?5allocate?5memory?5for?5r6@ 00439568     Fea_mod2.obj
 0002:00000590       ??_C@_0CH@OGBL@unable?5to?5allocate?5memory?5for?5r1@ 00439590     Fea_mod2.obj
 0002:000005b8       ??_C@_0CE@LCJ@unable?5to?5allocate?5memory?5for?5fl@ 004395b8     Fea_mod2.obj
 0002:000005dc       ??_C@_0CH@GIPD@unable?5to?5allocate?5memory?5for?5en@ 004395dc     Fea_mod2.obj
 0002:00000604       __real@4@3ffe8000000000000000 00439604     Fea_mod2.obj
 0002:00000608       ??_C@_0CF@FPGM@Increase?5MAX?5to?5?$CFd?$CL1?5and?5recompi@ 00439608     Info.obj
 0002:00000630       ??_C@_0EA@LMHE@Contrib?4?5to?5native?5energies?5?9?5tr@ 00439630     Info.obj
 0002:00000670       ??_C@_0BE@LBBH@?$CFlu?7?$CFf?7?$CFs?5?$CFs?3?$CFd?5?$CFd?6?$AA@ 00439670     Info.obj
 0002:00000684       ??_C@_05NEIG@?5?5?5?$CFs?$AA@ 00439684     Info.obj
 0002:0000068c       ??_C@_07EMPG@?$CFd?7?$CFld?6?$AA@ 0043968c     Info.obj
 0002:00000694       ??_C@_0CL@GDBD@?5Histogram?5?$CIenergy?5gaps?5or?5energ@ 00439694     Info.obj
 0002:000006c0       ??_C@_0CB@KJJE@?5aver?5over?5sigma?5ratio?5?$DN?5?$CF5?42f?5?6@ 004396c0     Info.obj
 0002:000006e8       __real@8@3feb8637bd05af6c6800 004396e8     Info.obj
 0002:000006f0       ??_C@_0BN@CONL@?5average?5energy?5?$CFs?5?$DN?5?$CF5?42f?5?6?$AA@ 004396f0     Info.obj
 0002:00000710       ??_C@_0CB@DA@?$CIwith?5respect?5to?5the?5native?5one?$CJ@ 00439710     Info.obj
 0002:00000734       ??_C@_0CE@NGCL@?5total?5number?5of?5alignments?5?$DN?5?$CFl@ 00439734     Info.obj
 0002:00000758       ??_C@_0DJ@FGHH@?5Contact?5?$CIor?5site?$CJ?5type?5statisti@ 00439758     Info.obj
 0002:00000794       ??_C@_0EA@OPNH@?5Total?5number?5of?5contacts?5?$CIor?5si@ 00439794     Info.obj
 0002:000007d4       ??_C@_02JJJH@?6?6?$AA@     004397d4     Info.obj
 0002:000007d8       ??_C@_06HLIM@?5?$CF5?42f?$AA@ 004397d8     Info.obj
 0002:000007e0       ??_C@_0DA@EOGG@?5Residue?5frequencies?5?$CIpercent?5of@ 004397e0     Info.obj
 0002:00000810       ??_C@_0DF@PIAE@?5Total?5number?5of?5residues?5in?5the@ 00439810     Info.obj
 0002:00000848       ??_C@_0EA@FPLI@?5Statisical?5potential?5resulting?5@ 00439848     Info.obj
 0002:00000888       ??_C@_0DJ@LGLG@?5st?5deviations?5for?5contacts?5?$CIsit@ 00439888     Info.obj
 0002:000008c4       ??_C@_0DK@OOKP@?5average?5number?5of?5contacts?5?$CIsit@ 004398c4     Info.obj
 0002:00000900       ??_C@_0DK@IKCM@?5How?5contact?5?$CIsite?$CJ?5statistics?5v@ 00439900     Info.obj
 0002:0000093c       ??_C@_03HKGO@?5?$CFs?$AA@  0043993c     Info.obj
 0002:00000940       ??_C@_05GLIP@?5?5?5?5?5?$AA@ 00439940     Info.obj
 0002:00000948       ??_C@_0DL@OFPG@?5Native?5contacts?5?$CIor?5sites?$CJ?5as?5p@ 00439948     Info.obj
 0002:00000984       ??_C@_05KKHE@?5?$CF5ld?$AA@ 00439984     Info.obj
 0002:0000098c       ??_C@_0ED@MJKL@?5Decoy?5contacts?5?$CIsites?$CJ?5as?5perce@ 0043998c     Info.obj
 0002:000009d0       ??_C@_0CG@DPCD@?5Contact?5type?5statistics?5?$CIdecoys@ 004399d0     Info.obj
 0002:000009f8       ??_C@_0BL@KLJN@?5Potential?5that?5is?5used?3?5?6?$AA@ 004399f8     Info.obj
 0002:00000a14       ??_C@_06FGNJ@?5?$CF5?40f?$AA@ 00439a14     Info.obj
 0002:00000a1c       ??_C@_0DC@ENOE@?5Total?5?$CIwhole?5set?$CJ?5stabilization@ 00439a1c     Info.obj
 0002:00000a50       ??_C@_0BA@IDAA@?5tot_d?$DN?5?$CF5?42f?5?6?$AA@ 00439a50     Info.obj
 0002:00000a60       ??_C@_0M@DDFD@?5d?$DN?5?$CF5?42f?5?6?$AA@ 00439a60     Info.obj
 0002:00000a6c       ??_C@_0L@PMEA@?5?$CFs?5?9?5?$CFs?5?6?$AA@ 00439a6c     Info.obj
 0002:00000a78       ??_C@_0P@NIHF@?5?5?5?$CFs?5block?5?5?6?$AA@ 00439a78     Info.obj
 0002:00000a88       ??_C@_0DN@KDMD@?5Effective?5pairwise?5interactions@ 00439a88     Info.obj
 0002:00000ac8       ??_C@_06NPIL@?5?5?5?5?5?5?$AA@ 00439ac8     Info.obj
 0002:00000ad0       ??_C@_06EAHD@?5?$CF5?41f?$AA@ 00439ad0     Info.obj
 0002:00000ad8       ??_C@_0CM@OKNK@?5Energy?5of?5?$CFs?5?$DN?5?$CF8?42f?5and?5it?5is?5@ 00439ad8     Info.obj
 0002:00000b04       ??_C@_0DM@DEMF@?5WARNING?3?5primal?5is?5generated?5an@ 00439b04     Info.obj
 0002:00000b40       ??_C@_0CL@BIB@?5writing?5contact?5diff?4?5onto?5MPS?5@ 00439b40     Info.obj
 0002:00000b6c       ??_C@_0CH@CCMJ@?5writing?5contact?5diff?4?5onto?5file@ 00439b6c     Info.obj
 0002:00000b94       ??_C@_0CP@GODD@?5only?5those?5having?5energy?5smalle@ 00439b94     Info.obj
 0002:00000bc4       ??_C@_0CO@EKDM@?5only?5those?5having?5energy?5larger@ 00439bc4     Info.obj
 0002:00000bf4       ??_C@_0CC@JAGL@?5writing?5energies?$CFs?5to?5file?3?5?$CFs?5@ 00439bf4     Info.obj
 0002:00000c18       ??_C@_0BG@ICPH@?5?$CIrelative?5to?5native?$CJ?$AA@ 00439c18     Info.obj
 0002:00000c30       ??_C@_0BM@IMID@?5using?5potential?5file?3?5?$CFs?5?6?$AA@ 00439c30     Info.obj
 0002:00000c4c       ??_C@_0DJ@CEHP@?5Threading?5seq?4?5from?5?$CD?$CFd?5to?5?$CD?$CFd?5@ 00439c4c     Info.obj
 0002:00000c88       ??_C@_0DO@OKPO@?5Threading?5all?5the?5seq?4?5from?5fil@ 00439c88     Info.obj
 0002:00000cc8       ??_C@_0CI@BEFG@?5Searching?5for?5the?5best?5alignmen@ 00439cc8     Info.obj
 0002:00000cf0       ??_C@_0CP@JJCI@?5Generating?5ineq?5using?5gapless?5t@ 00439cf0     Info.obj
 0002:00000d20       ??_C@_0CO@EHHJ@?5Generating?5ineq?5for?5independent@ 00439d20     Info.obj
 0002:00000d50       ??_C@_0CA@PDFM@?5contact?5cutoff?5R_cut?5?$DN?5?$CF5?42f?5?6?$AA@ 00439d50     Info.obj
 0002:00000d70       ??_C@_0P@CNAL@?5n_para?5?$DN?5?$CFd?5?6?$AA@ 00439d70     Info.obj
 0002:00000d80       ??_C@_0CC@DOBA@?5using?5Lennard?9Jones?5type?5?$CFd?9?$CFd?5@ 00439d80     Info.obj
 0002:00000da4       ??_C@_0BI@JDFE@?5Using?5e_vdw_ij?5model?5?6?$AA@ 00439da4     Info.obj
 0002:00000dbc       ??_C@_0BI@DCHF@?5Using?5e_i?$CIn?0m?$CJ?5model?5?6?$AA@ 00439dbc     Info.obj
 0002:00000dd4       ??_C@_0BG@PGJL@?5Using?5e_i?$CIn?$CJ?5model?5?6?$AA@ 00439dd4     Info.obj
 0002:00000dec       ??_C@_0BE@EDDI@?5Using?5e_ij?5model?5?6?$AA@ 00439dec     Info.obj
 0002:00000e00       ??_C@_03JGBB@?5?5?6?$AA@   00439e00     Info.obj
 0002:00000e04       ??_C@_0BE@ENHH@?5Using?5alphabet?3?5?5?6?$AA@ 00439e04     Info.obj
 0002:00000e18       ??_C@_0CG@HMIH@See?5loopp_doc?4html?5for?5more?5deta@ 00439e18     Info.obj
 0002:00000e40       ??_C@_0CE@JBJJ@type?$DO?5?$CFs?5?5?9x?51MBO?4pdb?5?9fmt?5pdb?5?5@ 00439e40     Info.obj
 0002:00000e64       ??_C@_0CC@MNDJ@type?$DO?5?$CFs?5?9s?5my?4seq?5?9fmt?5fasta?5?6?5@ 00439e64     Info.obj
 0002:00000e88       ??_C@_0CP@FPDN@type?$DO?5?$CFs?5?9t?5SEQ?5?9pick?51mba?51lh2?5@ 00439e88     Info.obj
 0002:00000eb8       ??_C@_0ED@DOKC@To?5refine?5the?5Z?9scores?5for?5a?5pai@ 00439eb8     Info.obj
 0002:00000efc       ??_C@_0BE@PKEE@type?$DO?5?$CFs?5?9t?5SEQ?5?5?6?6?$AA@ 00439efc     Info.obj
 0002:00000f10       ??_C@_0CB@LOJG@type?$DO?5?$CFs?5?9t?5my?4seq?5?9fmt?5swiss?5?6?6@ 00439f10     Info.obj
 0002:00000f34       ??_C@_0BK@OKMF@?6?7?5Fold?5recognition?5?4?4?4?6?6?$AA@ 00439f34     Info.obj
 0002:00000f50       ??_C@_0CP@NPD@type?$DO?5?$CFs?5?9eij?5?9p?5my?4pot?5?9seq?5SEQ@ 00439f50     Info.obj
 0002:00000f80       ??_C@_0EB@EANC@type?$DO?5?$CFs?5?9q?5?9eij?5?9p?5my?4pot?5?9seq?5@ 00439f80     Info.obj
 0002:00000fc4       ??_C@_0DH@DHCK@type?$DO?5?$CFs?5?9q?5?9eij?5?9p?5my?4pot?5?9o?5ou@ 00439fc4     Info.obj
 0002:00000ffc       ??_C@_0DN@HKHI@To?5filter?5out?5inequalities?5with?5@ 00439ffc     Info.obj
 0002:0000103c       ??_C@_0DG@DCKN@type?$DO?5?$CFs?5?9q?5?9eij?5?9p?5my?4pot?5?9o?5sc@ 0043a03c     Info.obj
 0002:00001074       ??_C@_0BM@MGPJ@type?$DO?5?$CFs?5?9q?5?9o?5scan?4log?5?5?6?6?$AA@ 0043a074     Info.obj
 0002:00001090       ??_C@_0CF@IDOA@?7?5Designing?5folding?5potentials?5?4@ 0043a090     Info.obj
 0002:000010b8       ??_C@_0P@MBIP@?6?6Examples?3?5?6?6?$AA@ 0043a0b8     Info.obj
 0002:000010c8       ??_C@_0M@EHII@Options?3?5?5?6?$AA@ 0043a0c8     Info.obj
 0002:000010d4       ??_C@_0CF@DILN@Usage?3?5?$CFs?5?$FLOption1?$FN?5?$FLOption2?$FN?5?4?4@ 0043a0d4     Info.obj
 0002:000010fc       ??_C@_0DG@MNHH@?7?5?9v?5?5?5?5?5?5?5?5?5?5?5?5?5?5?5?5?5?5?5?5?5?5?5?5prin@ 0043a0fc     Info.obj
 0002:00001134       ??_C@_0CD@OBDI@?7?5?9h?5?5?5?5?5?5?5?5?5?5?5?5?5?5?5?5?5?5?5?5?5?5?5?5help@ 0043a134     Info.obj
 0002:00001158       ??_C@_0CI@CJBK@?7?5?9dbg?5?5?5?5?5?5?5?5?5?5?5?5?5?5?5?5?5?5?5?5?5?5debu@ 0043a158     Info.obj
 0002:00001180       ??_C@_0DO@HMCJ@?7?5?9justQ?5?5?5?5?5?5?5?5?5?5?5?5?5?5?5?5?5?5?5?5stop@ 0043a180     Info.obj
 0002:000011c0       ??_C@_0EI@LCLI@?7?5?9trDB?5?$DM?$CDrms_th?$DO?5?5?5?5?5?5?5?5?5?5?5RMS?5@ 0043a1c0     Info.obj
 0002:00001208       ??_C@_0EB@DFHP@?7?5?9nored?5?$DMnew_list?$DO?5?5?5?5?5?5?5?5?5remo@ 0043a208     Info.obj
 0002:0000124c       ??_C@_0DD@CANP@?7?5?9newDB?5?$DMnew_list?$DO?5?5?5?5?5?5?5?5?5buil@ 0043a24c     Info.obj
 0002:00001280       ??_C@_0ED@BIF@?7?5?9b?5?$DM?$CDstart?$DO?5?$DM?$CDend?$DO?5?5?5?5?5?5?5?5rang@ 0043a280     Info.obj
 0002:000012c4       ??_C@_0DG@FOKK@?7?5?9pvdw?5?$DM?$CDrep?$DO?5?$DM?$CDatr?$DO?5?5?5?5?5?5?5LJ?5p@ 0043a2c4     Info.obj
 0002:000012fc       ??_C@_0CO@BHAO@?7?5?9rsc?5?$DM?$CDscale?$DO?5?$DMneg?$DO?5?5?5?5?5?5?5scal@ 0043a2fc     Info.obj
 0002:0000132c       ??_C@_0DO@BEAD@?7?5?9m?5?5?5?5?5?5?5?5?5?5?5?5?5?5?5?5?5?5?5?5?5?5?5?5read@ 0043a32c     Info.obj
 0002:0000136c       ??_C@_0EH@OCML@?7?5?9frz?5?$DM?$CDn_frz?$DO?5?5?5?5?5?5?5?5?5?5?5?5?5free@ 0043a36c     Info.obj
 0002:000013b4       ??_C@_0DM@PDIP@?7?5?9w?5?$DMdcon_file?$DO?5?5?5?5?5?5?5?5?5?5?5?5writ@ 0043a3b4     Info.obj
 0002:000013f0       ??_C@_0EB@BMLP@?7?5?9mps?5?$DMmps_file?$DO?5?5?5?5?5?5?5?5?5?5?5writ@ 0043a3f0     Info.obj
 0002:00001434       ??_C@_0DN@EGOM@?7?5?9log?5?$DMbest?$DO?5?$DMaligns?$DO?5?5?5?5?5?5spec@ 0043a434     Info.obj
 0002:00001474       ??_C@_0EC@OOCC@?7?5?9o?5?$DMout_file?$DO?5?5?5?5?5?5?5?5?5?5?5?5?5spec@ 0043a474     Info.obj
 0002:000014b8       ??_C@_0DG@NBGD@?7?5?9k?5?$DM?$CDcol?$DO?5?$DM?$CDn_col?$DO?5?5?5?5?5?5?5?5spec@ 0043a4b8     Info.obj
 0002:000014f0       ??_C@_0DO@LPJA@?7?5?9newCM?5?5?5?5?5?5?5?5?5?5?5?5?5?5?5?5?5?5?5?5enfo@ 0043a4f0     Info.obj
 0002:00001530       ??_C@_0DP@JKKP@?7?5?9xyz?5?$DMcoor_file?$DO?5?5?5?5?5?5?5?5?5?5spec@ 0043a530     Info.obj
 0002:00001570       ??_C@_0EA@HINN@?7?5?9seq?5?$DMseq_file?$DO?5?5?5?5?5?5?5?5?5?5?5spec@ 0043a570     Info.obj
 0002:000015b0       ??_C@_0DP@EFDC@?7?5?9u?5?5?5?5?5?5?5?5?5?5?5?5?5?5?5?5?5?5?5?5?5?5?5?5take@ 0043a5b0     Info.obj
 0002:000015f0       ??_C@_0DD@EDBA@?7?5?9te?5?$DM?$CDene_th?$DO?5?5?5?5?5?5?5?5?5?5?5?5?5thre@ 0043a5f0     Info.obj
 0002:00001624       ??_C@_0DO@PFHP@?7?5?9tsid?5?$DM?$CDseqid_th?$DO?5?5?5?5?5?5?5?5?5thre@ 0043a624     Info.obj
 0002:00001664       ??_C@_0DJ@EAEO@?7?5?9tr?5?$DM?$CDrms_th?$DO?5?5?5?5?5?5?5?5?5?5?5?5?5thre@ 0043a664     Info.obj
 0002:000016a0       ??_C@_0DE@DBDN@?7?5?9tz?5?$DM?$CDz_sc_th?$DO?5?5?5?5?5?5?5?5?5?5?5?5thre@ 0043a6a0     Info.obj
 0002:000016d4       ??_C@_0DN@OAJF@?7?5?9tl?5?$DM?$CDalign_length_th?$DO?5?5?5?5thre@ 0043a6d4     Info.obj
 0002:00001714       ??_C@_0ED@KJO@?7?5?9nog?5?5?5?5?5?5?5?5?5?5?5?5?5?5?5?5?5?5?5?5?5?5use?5@ 0043a714     Info.obj
 0002:00001758       ??_C@_0ED@CGL@?7?5?9cdel?5?5?5?5?5?5?5?5?5?5?5?5?5?5?5?5?5?5?5?5?5cons@ 0043a758     Info.obj
 0002:0000179c       ??_C@_0DN@OMAL@?7?5?9cgap?5?5?5?5?5?5?5?5?5?5?5?5?5?5?5?5?5?5?5?5?5cons@ 0043a79c     Info.obj
 0002:000017dc       ??_C@_0CM@DHOD@?7?5?9g?5?$DM?$CDpre_g_pen?$DO?5?$DM?$CDg_pen?$DO?5?5gap?5@ 0043a7dc     Info.obj
 0002:00001808       ??_C@_0DH@FEEI@?7?5?9nprn?5?$DM?$CDbest?$DO?5?5?5?5?5?5?5?5?5?5?5?5?5prin@ 0043a808     Info.obj
 0002:00001840       ??_C@_0EB@JNOK@?7?5?9best?5?$DM?$CDbest?$DO?5?$DM?$CDshuff?$DO?5?5?5?5Z?9sc@ 0043a840     Info.obj
 0002:00001884       ??_C@_0DL@LOEB@?7?5?9mod?5?$DMmodel_file?$DO?5?5?5?5?5?5?5?5?5non?9@ 0043a884     Info.obj
 0002:000018c0       ??_C@_0DD@IKPL@?7?5?9p?5?$DMpot_file?$DO?5?5?5?5?5?5?5?5?5?5?5?5?5non?9@ 0043a8c0     Info.obj
 0002:000018f4       ??_C@_0CM@NEOA@?7?5?9evdw?5?5?5?5?5?5?5?5?5?5?5?5?5?5?5?5?5?5?5?5?5LJ?5p@ 0043a8f4     Info.obj
 0002:00001920       ??_C@_0CP@GPMK@?7?5?9ein?5?5?5?5?5?5?5?5?5?5?5?5?5?5?5?5?5?5?5?5?5?5THOM@ 0043a920     Info.obj
 0002:00001950       ??_C@_0DC@GNNC@?7?5?9eij?5?5?5?5?5?5?5?5?5?5?5?5?5?5?5?5?5?5?5?5?5?5pair@ 0043a950     Info.obj
 0002:00001984       ??_C@_0DJ@NIDM@?7?5?9einm?5?5?5?5?5?5?5?5?5?5?5?5?5?5?5?5?5?5?5?5?5THOM@ 0043a984     Info.obj
 0002:000019c0       ??_C@_0EF@NLJK@?7?5?9list?5?$DMlist_file?$DO?5?5?5?5?5?5?5?5?5mult@ 0043a9c0     Info.obj
 0002:00001a08       ??_C@_0DK@FDFC@?7?5?9sd?5?$DM?$CDlevel?$DO?5?5?5?5?5?5?5?5?5?5?5?5?5?5sear@ 0043aa08     Info.obj
 0002:00001a44       ??_C@_0ED@HEAD@?7?5?9pick?5?$DMquery?$DO?5?$DMmatch?$DO?5?5?5?5?5narr@ 0043aa44     Info.obj
 0002:00001a88       ??_C@_0DL@PGDE@?7?5?9name?5?$DMquery_name?$DO?5?5?5?5?5?5?5?5quer@ 0043aa88     Info.obj
 0002:00001ac4       ??_C@_0CO@KGHN@?7?5?5?5?5?5?5?5?5?5?5?5?5?5?5?5loopp?5?$CIl?$CJ?5?5?5LOOP@ 0043aac4     Info.obj
 0002:00001af4       ??_C@_0DN@OPMI@?7?5?5?5?5?5?5?5?5?5?5?5?5?5?5?51let?5?5?$CI1?$CJ?5?5?5plai@ 0043aaf4     Info.obj
 0002:00001b34       ??_C@_0CF@KGFL@?7?5?5?5?5?5?5?5?5?5?5?5?5?5?5?5crd?5?5?5?$CIc?$CJ?5?5?5CHAR@ 0043ab34     Info.obj
 0002:00001b5c       ??_C@_0DA@IFPC@?7?5?5?5?5?5?5?5?5?5?5?5?5?5?5?5pdb?5?5?5?$CIp?$CJ?5?5?5PROT@ 0043ab5c     Info.obj
 0002:00001b8c       ??_C@_0CI@MDLF@?7?5?5?5?5?5?5?5?5?5?5?5?5?5?5?5swiss?5?$CIs?$CJ?5?5?5SWIS@ 0043ab8c     Info.obj
 0002:00001bb4       ??_C@_0CE@EDDJ@?7?5?5?5?5?5?5?5?5?5?5?5?5?5?5?5fasta?5?$CIf?$CJ?5?5?5FAST@ 0043abb4     Info.obj
 0002:00001bd8       ??_C@_0EA@PLJB@?7?5?5?5?5?5?5?5?5?5?5?5?5?5?5?5?5?5?5?5?5?5?5?5?5?5?5?5that@ 0043abd8     Info.obj
 0002:00001c18       ??_C@_0DN@NNMI@?7?5?9fmt?5?$DMformat?$DO?5?5?5?5?5?5?5?5?5?5?5?5?5quer@ 0043ac18     Info.obj
 0002:00001c58       ??_C@_0CO@KMNO@?7?5?9l?5?5?5?5?5?5?5?5?5?5?5?5?5?5?5?5?5?5?5?5?5?5?5?5loca@ 0043ac58     Info.obj
 0002:00001c88       ??_C@_0EB@OEBA@?7?5?9i?5?$DM?$CDlevel?$DO?5?5?5?5?5?5?5?5?5?5?5?5?5?5?5info@ 0043ac88     Info.obj
 0002:00001ccc       ??_C@_0DJ@BKFN@?7?5?9d?5?5?5?5?5?5?5?5?5?5?5?5?5?5?5?5?5?5?5?5?5?5?5?5LP?5i@ 0043accc     Info.obj
 0002:00001d08       ??_C@_0DN@ENNL@?7?5?9q?5?5?5?5?5?5?5?5?5?5?5?5?5?5?5?5?5?5?5?5?5?5?5?5gene@ 0043ad08     Info.obj
 0002:00001d48       ??_C@_0DO@DMCK@?7?5?9x?5?$DMquery_struct_file?$DO?5?5?5?5stru@ 0043ad48     Info.obj
 0002:00001d88       ??_C@_0DM@IELP@?7?5?9s?5?$DMquery_seq_file?$DO?5?5?5?5?5?5?5sequ@ 0043ad88     Info.obj
 0002:00001dc4       ??_C@_0CH@HAII@?7?5?9t?5?$DMquery_seq_file?$DO?5?5?5?5?5?5?5thre@ 0043adc4     Info.obj
 0002:00001dec       ??_C@_0DH@NANC@the?5PDB?5file?51MBO?4pdb?5to?5all?5the@ 0043adec     Info.obj
 0002:00001e24       ??_C@_0EE@EOHD@To?5perform?5structure?5to?5structur@ 0043ae24     Info.obj
 0002:00001e68       ??_C@_0EH@GAAK@from?5the?5file?5my?4seq?5?$CIin?5FASTA?5f@ 0043ae68     Info.obj
 0002:00001eb0       ??_C@_0ED@GLAE@To?5perform?5sequence?5to?5sequence?5@ 0043aeb0     Info.obj
 0002:00001ef4       ??_C@_0EH@HINB@all?5the?5structures?5in?5the?5databa@ 0043aef4     Info.obj
 0002:00001f3c       ??_C@_0EK@IIOB@To?5thread?5sequences?5from?5file?5SE@ 0043af3c     Info.obj
 0002:00001f88       ??_C@_0EB@BHIB@database?5structures?0?5using?5defau@ 0043af88     Info.obj
 0002:00001fcc       ??_C@_0EK@ECFI@To?5thread?5sequences?5?$CIin?5SWISS?9PR@ 0043afcc     Info.obj
 0002:00002018       ??_C@_0EH@BBMI@included?5in?5XYZ?5file?5?$CInative?5str@ 0043b018     Info.obj
 0002:00002060       ??_C@_0EJ@DGDP@To?5get?5LP?5inequalities?5for?5expli@ 0043b060     Info.obj
 0002:000020ac       ??_C@_0EI@IAMD@write?5differences?5in?5contacts?5be@ 0043b0ac     Info.obj
 0002:000020f4       ??_C@_0EH@FDOO@To?5thread?5all?5the?5seqs?5from?5file@ 0043b0f4     Info.obj
 0002:0000213c       ??_C@_0EE@JMFB@and?5write?5contact?5diff?5between?5d@ 0043b13c     Info.obj
 0002:00002180       ??_C@_0EI@NDC@To?5get?5LP?5ineqs?5using?5pairwise?5p@ 0043b180     Info.obj
 0002:000021c8       ??_C@_0EG@IFCE@energy?5diff?5between?5decoys?5and?5n@ 0043b1c8     Info.obj
 0002:00002210       ??_C@_0DP@KNKB@database?5through?5all?5the?5structu@ 0043b210     Info.obj
 0002:00002250       ??_C@_0DP@GANM@To?5get?5LP?5inequalities?5by?5gaples@ 0043b250     Info.obj
 0002:00002290       ??_C@_0CP@PDKJ@?5?5?5?5?5?5?5?5?5?5?5?5?5?5?5by?5Jarek?5Meller?5a@ 0043b290     Info.obj
 0002:000022c0       ??_C@_0CD@JJCH@and?5other?5useful?5functions?5?4?4?4?5?6@ 0043b2c0     Info.obj
 0002:000022e4       ??_C@_0CL@EBGB@building?5non?9redundant?5databases@ 0043b2e4     Info.obj
 0002:00002310       ??_C@_0EL@CNLD@developing?5new?5folding?5potential@ 0043b310     Info.obj
 0002:0000235c       ??_C@_0EL@FJDE@Protein?5structure?5recognition?5by@ 0043b35c     Info.obj
 0002:000023a8       ??_C@_0EL@GAEB@LOOPP?5?$CILearning?0?5Observing?5and?5O@ 0043b3a8     Info.obj
 0002:000023f4       ??_C@_02GGCO@?6?7?$AA@     0043b3f4     Info.obj
 0002:000023f8       ??_C@_0CH@DDDN@?6?7?5901?91000?3?5?$CFd?5?5?5more?5than?51001@ 0043b3f8     Init.obj
 0002:00002420       ??_C@_0M@OJGF@?5?$CFd?9?$CFd?3?5?$CFd?5?$AA@ 0043b420     Init.obj
 0002:0000242c       ??_C@_0CN@LNBP@?7?5length_dist?3?5?5?5up?5to?550?3?5?$CFd?5?55@ 0043b42c     Init.obj
 0002:0000245c       ??_C@_0BC@DIJI@?7?5max_cont?5?$DN?5?$CFd?5?6?$AA@ 0043b45c     Init.obj
 0002:00002470       ??_C@_0BE@BEMJ@?7?5max_length?5?$DN?5?$CFd?5?6?$AA@ 0043b470     Init.obj
 0002:00002484       ??_C@_0BA@IBBN@?7?5n_prot?5?$DN?5?$CFd?5?6?$AA@ 0043b484     Init.obj
 0002:00002494       ??_C@_0BA@PKKJ@?7?5n_para?5?$DN?5?$CFd?5?6?$AA@ 0043b494     Init.obj
 0002:000024a4       ??_C@_0BN@IIGO@?7?5n_type?5?$CIof?5letters?$CJ?5?$DN?5?$CFd?5?6?$AA@ 0043b4a4     Init.obj
 0002:000024c4       ??_C@_0DH@FHAJ@?5Allocation?5of?5memory?5?$CIbased?5on?5@ 0043b4c4     Init.obj
 0002:00002500       __real@8@3ffe8000000000000000 0043b500     Init.obj
 0002:00002508       __real@8@4002f000000000000000 0043b508     Init.obj
 0002:00002510       __real@8@4004c800000000000000 0043b510     Init.obj
 0002:00002518       ??_C@_0DA@IDDP@?5I?5cannot?5allocate?5memory?5?9?5file@ 0043b518     Init.obj
 0002:00002548       ??_C@_0DA@GKOA@?6?5?9?9?9?5?$CFs?5?$CI?$CFs?$CJ?5ALIGNMENTS?5?$CInot?5or@ 0043b548     Init.obj
 0002:00002578       ??_C@_0CJ@GBJO@?6?5?9?9?9?5?$CFs?5?$CI?$CFs?$CJ?5alignments?5RESULTS@ 0043b578     Init.obj
 0002:000025a4       ??_C@_0BH@IJB@STRUCTURE?5to?5structure?$AA@ 0043b5a4     Init.obj
 0002:000025bc       ??_C@_0BF@JBEO@SEQUENCE?5to?5sequence?$AA@ 0043b5bc     Init.obj
 0002:000025d4       ??_C@_05PDHF@local?$AA@    0043b5d4     Init.obj
 0002:000025dc       ??_C@_06JFAO@global?$AA@   0043b5dc     Init.obj
 0002:000025e4       ??_C@_0CC@DDNE@THREADING?5?9?5sequence?5to?5structur@ 0043b5e4     Init.obj
 0002:00002608       ??_C@_0DB@BOAL@?6?5Please?0?5report?5bugs?5to?5meller?$EA@ 0043b608     Init.obj
 0002:0000263c       ??_C@_0CH@OACI@?6?5Database?5of?5?$CFd?5structures?5was?5@ 0043b63c     Init.obj
 0002:00002664       ??_C@_03CENI@?$CFs?5?$AA@  0043b664     Init.obj
 0002:00002668       ??_C@_0BM@DIIF@?6?5Options?5that?5were?5used?3?5?5?$AA@ 0043b668     Init.obj
 0002:00002684       ??_C@_0BJ@DCIP@?6?5Ver?4?5?$CF5?43f?5?$CIas?5of?5?$CFs?$CJ?5?$AA@ 0043b684     Init.obj
 0002:000026a0       ??_C@_0M@CDPG@Jan?510?52001?$AA@ 0043b6a0     Init.obj
 0002:000026ac       ??_C@_0O@JCNI@?6?5Bye?0?5bye?$CB?5?6?$AA@ 0043b6ac     Init.obj
 0002:000026bc       ??_C@_0CC@PCO@Sorry?5?9?5cannot?5allocate?5array?5?$CFs@ 0043b6bc     Init.obj
 0002:000026e0       ??_C@_05BALM@?$CFs?6?$CFd?$AA@ 0043b6e0     Init.obj
 0002:000026e8       ??_C@_04MOFI@?$CFs?$CFd?$AA@ 0043b6e8     Init.obj
 0002:000026f0       ??_C@_08KIDK@?$CFs?5?$CFd?5?$CFf?$AA@ 0043b6f0     Init.obj
 0002:000026fc       ??_C@_0DN@MIOJ@?5You?5must?5specify?5number?5of?5type@ 0043b6fc     Init.obj
 0002:0000273c       ??_C@_0DC@DNN@?5WARNING?3?5there?5is?5inconsistency@ 0043b73c     Init.obj
 0002:00002770       ??_C@_0DJ@BAIK@?5n_par?5doesn?8t?5fit?5def?4?5of?5alpha@ 0043b770     Init.obj
 0002:000027ac       ??_C@_0CD@FKPI@?5WARNING?3?5inconsistency?5in?5Model@ 0043b7ac     Init.obj
 0002:000027d0       ??_C@_04GKFH@evdw?$AA@     0043b7d0     Init.obj
 0002:000027d8       ??_C@_04FFAO@einm?$AA@     0043b7d8     Init.obj
 0002:000027e0       ??_C@_03FNNA@ein?$AA@      0043b7e0     Init.obj
 0002:000027e4       ??_C@_03PHIM@eij?$AA@      0043b7e4     Init.obj
 0002:000027e8       ??_C@_0CC@PMAG@Cannot?5open?5ContMap?5?9?5I?5give?5up?5@ 0043b7e8     Init.obj
 0002:0000280c       ??_C@_0CI@JDMC@Sorry?5?9?5cannot?5find?5sequence?5fil@ 0043b80c     Init.obj
 0002:00002834       ??_C@_0CK@GI@Sorry?5?9?5cannot?5find?5coordinate?5f@ 0043b834     Init.obj
 0002:00002860       ??_C@_0N@HOGK@cont_by_Type?$AA@ 0043b860     Init.obj
 0002:00002870       ??_C@_08ECAD@FINGERPS?$AA@ 0043b870     Init.obj
 0002:0000287c       ??_C@_0M@BHDA@ContMap_rij?$AA@ 0043b87c     Init.obj
 0002:00002888       ??_C@_0O@OPKE@ContMap_vdw_B?$AA@ 0043b888     Init.obj
 0002:00002898       ??_C@_0O@BABN@ContMap_vdw_A?$AA@ 0043b898     Init.obj
[...]
 0001:0002f0c0       _siglookup                 004300c0 f   LIBCD:winsig.obj
 0001:0002e850       _xtoa                      0042f850 f   LIBCD:xtoa.obj
 0001:0002e9d0       _x64toa@20                 0042f9d0 f   LIBCD:xtoa.obj
 0001:0002dbf4       _gu_return                 0042ebf4 f   LIBCD:exsup.obj
 0001:0002dbfc       __unwind_handler           0042ebfc f   LIBCD:exsup.obj
 0001:0002d590       _parse_cmdline             0042e590 f   LIBCD:stdargv.obj
 0001:0002d300       _xcptlookup                0042e300 f   LIBCD:winxfltr.obj
 0001:0002cc30       __get_fname                0042dc30 f   LIBCD:fpexcept.obj
 0001:0002b869       hard                       0042c869 f   LIBCD:llmul.obj
 0001:0002b660       __hextodec                 0042c660 f   LIBCD:input.obj
 0001:0002b6c0       __inc                      0042c6c0 f   LIBCD:input.obj
 0001:0002b720       __un_inc                   0042c720 f   LIBCD:input.obj
 0001:0002b740       __whiteout                 0042c740 f   LIBCD:input.obj
 0001:00029a71       fFEXP                      0042aa71 f   LIBCD:87tran.obj
 0001:00029bb1       _rtforexpinf               0042abb1 f   LIBCD:87tran.obj
 0001:00027403       adjust_loop                00428403 f   LIBCD:memset.obj
 0001:00027409       dwords                     00428409 f   LIBCD:memset.obj
 0001:00027423       main_loop_tail             00428423 f   LIBCD:memset.obj
 0001:00027427       tail                       00428427 f   LIBCD:memset.obj
 0001:0002742d       finish                     0042842d f   LIBCD:memset.obj
 0001:00027433       toend                      00428433 f   LIBCD:memset.obj
 0001:00027280       __cftoe_g                  00428280 f   LIBCD:cvt.obj
 0001:000272c0       __cftof_g                  004282c0 f   LIBCD:cvt.obj
 0001:00027350       __shift                    00428350 f   LIBCD:cvt.obj
 0001:00026760       _write_char                00427760 f   LIBCD:output.obj
 0001:000267e0       _write_multi_char          004277e0 f   LIBCD:output.obj
 0001:00026820       _write_string              00427820 f   LIBCD:output.obj
 0001:00026870       _get_int_arg               00427870 f   LIBCD:output.obj
 0001:00026890       _get_int64_arg             00427890 f   LIBCD:output.obj
 0001:000268b0       _get_short_arg             004278b0 f   LIBCD:output.obj
 0001:00025500       _CrtMessageWindow          00426500 f   LIBCD:dbgrpt.obj
 0001:00024f80       _flsall                    00425f80 f   LIBCD:fflush.obj
 0001:000249c0       _fast_error_exit           004259c0 f   LIBCD:crt0.obj
 0001:000241d1       returndi                   004251d1 f   LIBCD:strrchr.obj
 0001:000241d3       toend                      004251d3 f   LIBCD:strrchr.obj
 0001:00024184       listnext                   00425184 f   LIBCD:strcspn.obj
 0001:00024191       listdone                   00425191 f   LIBCD:strcspn.obj
 0001:00024198       dstnext                    00425198 f   LIBCD:strcspn.obj
 0001:000241a6       dstdone                    004251a6 f   LIBCD:strcspn.obj
 0001:00023664       src_misaligned             00424664 f   LIBCD:strncpy.obj
 0001:00023680       tail_loop_start            00424680 f   LIBCD:strncpy.obj
 0001:00023685       copy_tail_loop             00424685 f   LIBCD:strncpy.obj
 0001:00023692       fill_tail_end1             00424692 f   LIBCD:strncpy.obj
 0001:0002369a       align_dest                 0042469a f   LIBCD:strncpy.obj
 0001:000236a2       dest_align_loop            004246a2 f   LIBCD:strncpy.obj
 0001:000236b4       dest_align_loop_end        004246b4 f   LIBCD:strncpy.obj
 0001:000236bb       finish_loop                004246bb f   LIBCD:strncpy.obj
 0001:000236be       fill_tail_zero_bytes       004246be f   LIBCD:strncpy.obj
 0001:000236c3       finish                     004246c3 f   LIBCD:strncpy.obj
 0001:000236c9       main_loop                  004246c9 f   LIBCD:strncpy.obj
 0001:000236d1       main_loop_entrance         004246d1 f   LIBCD:strncpy.obj
 0001:00023707       byte_2                     00424707 f   LIBCD:strncpy.obj
 0001:00023711       byte_1                     00424711 f   LIBCD:strncpy.obj
 0001:0002371b       byte_0                     0042471b f   LIBCD:strncpy.obj
 0001:0002371f       fill_with_EOS_dwords       0042471f f   LIBCD:strncpy.obj
 0001:00023727       fill_dwords_with_EOS       00424727 f   LIBCD:strncpy.obj
 0001:00023729       fill_with_EOS_loop         00424729 f   LIBCD:strncpy.obj
 0001:00023731       fill_tail                  00424731 f   LIBCD:strncpy.obj
 0001:00023736       fill_tail_end              00424736 f   LIBCD:strncpy.obj
 0001:00023560       _$$$00001                  00424560 f   LIBCD:chkstk.obj
 0001:0002356c       probepages                 0042456c f   LIBCD:chkstk.obj
 0001:00023580       lastpage                   00424580 f   LIBCD:chkstk.obj
 0001:000234e0       dodwords                   004244e0 f   LIBCD:strcmp.obj
 0001:00023510       doneeq                     00424510 f   LIBCD:strcmp.obj
 0001:00023514       donene                     00424514 f   LIBCD:strcmp.obj
 0001:0002351c       dopartial                  0042451c f   LIBCD:strcmp.obj
 0001:00023538       doword                     00424538 f   LIBCD:strcmp.obj
 0001:000233c0       _doexit                    004243c0 f   LIBCD:crt0dat.obj
 0001:000234a0       __initterm                 004244a0 f   LIBCD:crt0dat.obj
 0001:0002328c       str_misaligned             0042428c f   LIBCD:strlen.obj
 0001:000232a0       main_loop                  004242a0 f   LIBCD:strlen.obj
 0001:000232d3       byte_3                     004242d3 f   LIBCD:strlen.obj
 0001:000232dd       byte_2                     004242dd f   LIBCD:strlen.obj
 0001:000232e7       byte_1                     004242e7 f   LIBCD:strlen.obj
 0001:000232f1       byte_0                     004242f1 f   LIBCD:strlen.obj
 0001:0002325a       okay                       0042425a f   LIBCD:strncmp.obj
 0001:0002326d       firstbig                   0042426d f   LIBCD:strncmp.obj
 0001:0002326f       lastbig                    0042426f f   LIBCD:strncmp.obj
 0001:00023271       toend                      00424271 f   LIBCD:strncmp.obj
 0001:00021880       _realloc_help              00422880 f   LIBCD:dbgheap.obj
 0001:00022440       _CheckBytes                00423440 f   LIBCD:dbgheap.obj
 0001:00022fd0       __printMemBlockData        00423fd0 f   LIBCD:dbgheap.obj
 0001:0002112d       dest_misaligned            0042212d f   LIBCD:strcat.obj
 0001:0002113c       find_end_of_dest_string_loop 0042213c f   LIBCD:strcat.obj
 0001:0002116f       start_byte_3               0042216f f   LIBCD:strcat.obj
 0001:00021174       start_byte_2               00422174 f   LIBCD:strcat.obj
 0001:00021179       start_byte_1               00422179 f   LIBCD:strcat.obj
 0001:0002117e       start_byte_0               0042217e f   LIBCD:strcat.obj
 0001:0002118d       src_misaligned             0042218d f   LIBCD:strcat.obj
 0001:000211a1       main_loop                  004221a1 f   LIBCD:strcat.obj
 0001:000211a6       main_loop_entrance         004221a6 f   LIBCD:strcat.obj
 0001:000211da       byte_3                     004221da f   LIBCD:strcat.obj
 0001:000211e2       byte_2                     004221e2 f   LIBCD:strcat.obj
 0001:000211ef       byte_1                     004221ef f   LIBCD:strcat.obj
 0001:000211f8       byte_0                     004221f8 f   LIBCD:strcat.obj
 0001:00021181       copy_start                 00422181 f   LIBCD:strcat.obj

FIXUPS: 220cf 18 14 fffffee5 27 73 1a38 fd 76 11e a1 20 31 28 4f 3a 31
FIXUPS: 23f2f 45 18 1f 8c 69 2a 34 39 16 7c 2a 28 ffffe0ec 5 a ffffff16
FIXUPS: 22256 45 4b fffffdd0 1101 c 2b 1c 2c 1c 18 1f 62 51 60 5a ac 55
FIXUPS: 23548 2b 28 28 28 a0 2b 32 2b 39 20 49 33 142 17 1c 4c 58 ffffefc3
FIXUPS: 22a13 18 1f 5b 66 25 25 b3 19 59 5f 54 85 29 1f 2a 1c 50 1d 1f
FIXUPS: 22f2e 34 3b 2b 3b 45 2b c 41 6b 56 1209 20 8d 12 13 19 ffffdf4f
FIXUPS: 223ea 28 23 20 29 2f 1c 69 28 5f 54 21 128 1e 1b 33 2f 51 29 3c
FIXUPS: 228c8 1b 1c 6b 28 2108 22 22 fffffe6e 27 f f 27 fffffe7f 12 3a
FIXUPS: 24893 29 2a 10 fffffe81 12 18 16 10 1c 31 10 fffffd92 2a 1e 17
FIXUPS: 24628 fffffcf5 12 1d 20 f17 10 b 3d 3b 14 60 7 14 7 fffffb80 2a
FIXUPS: 24fcb fffffea5 50 28 fffffd32 85 69 33 8c 34 fffffd9d 3f d ffffff32
FIXUPS: 24b40 20 fffffea0 2e 2a 2e e90 5 5 25 f 17 10 22 9 27 9 fffffd3b
FIXUPS: 25746 18 a6 10 fffffdcd 2b 28 16 1d 29 25 fffffeed fffffe64 a fffffdee
FIXUPS: 25212 1b 25 14 10 1293 1e d 2f 15 11 1d 21 14 26 19d 18 19 19 a
FIXUPS: 25e5c e 28 76 6e 7d 41 fffffac4 13 dd 23f fffffc1a 59 fffffe45
FIXUPS: 258ed f 10 1aab 25 122 1e 30 75 32 22 26 170 55 53 ffffefdd 21
FIXUPS: 268cf c8 33 49 fffff766 10b 2a 18 38 16 2b 14 2e 18 18 7a 63 34
FIXUPS: 28310 1c 1a 18 17 fffff895 ffffff54 fffffd92 108 10 3e 54 4b 28
FIXUPS: 26b26 34 24 cb 67 133 18 21 34 30 a8 e2 142 ba 31 1e 2a 1b 13b6
FIXUPS: 2868f 10 70 10 55 fffffdd1 2f fffffeda 2b 29 32 fffff75a 28 19f
FIXUPS: 27e15 57 14 32 64 140 2a 34 35 6b 12 29 43 5a 3d 33 3c 2a0f 10
FIXUPS: 2ad20 2a fffffd56 12 1d 5 55 3c 7 2f b2 15 fffffd38 5e 7 fffffead
FIXUPS: 2a679 ffffe999 191 19 de0 ffffe8e1 ffffff6f 58 ffffff5d 19 fffffe17
FIXUPS: 285e8 24 2c 3a0e 39 76 4a 3d 76 6c 62 20 77 27 70 46 31 35 44 35
FIXUPS: 2c52f 147 8a 32 24 f ffffea9a fffffc37 2a 2a 227 fffffccc 3a ffffff09
FIXUPS: 2acdb 63f 4a 9 19 a4 1aa 1d 118 1de 32 97 1f 58 a8 28 33 43 64
FIXUPS: 2bc17 41 12 2f 4d 23 10 70 24 5a 46 2f c1 24 1511 1d8 1ac 2b 33
FIXUPS: 2da0a f4 27 36 44 c 10 16 c fffff45e 45 fffffcfc 3d 49 132 31 fffffcc2
FIXUPS: 2ccef 1d 27 fffffb7d 82 2a fffffe46 36 ffffeace 2d 3296 fffffe07
FIXUPS: 2e3a6 28 1f 29 26 17 12 1c fffffcda ffffffa3 2b fffffc61 1c3 17
FIXUPS: 2d0cb 1d 53 1d 2b 2c c 3a e 11 2f 44 c 3e e 11 2211 fffffc53 2bf
FIXUPS: 2f440 2f fffff965 1c 77 3a 59 15 17 1d 14 13 14 1a 19 fffffd7e
FIXUPS: 2ed3c 11 2f 25 fffffe4f fffffec4 4a 94 2b fffff903 56 1e 13 2cd4
FIXUPS: 30965 a7 fffffa75 21 21 24 2a 23 fffffe8a 37 fffff9ff 182 35 fffffc6b
FIXUPS: 2fc40 44 4b fffffe4d 2a 44 4b fffffc49 18 11b 21 4b 5d 17 b5 fffffafe
FIXUPS: 2f792 272f fffffe06 1d fffffb82 fffffad9 29 ffffffa0 17 fffff815
FIXUPS: 30b75 8c 14 26f 19 1c 13 2a 3a 10 13 16 26 1e 41 93 20 68 82 10
FIXUPS: 311cb 10 30 2533 5f fffffb8a 4d 40 40 43 4d 40 43 50 50 4d 65 60
FIXUPS: 331d9 fffffadb 2a0 5a 34 37 60 21 20 1d 11 15 15 ffffecef 72 13
FIXUPS: 31eaa 2a26 21 2b 28 1e 2c 38 16 22 23 ac 4e 23 125 1c 2b 37 1d
FIXUPS: 34d29 13 b7 fffff767 2a3 fffff32d 14d eb 1c8 8c 152 6d 238 13 1d93
FIXUPS: 3577b 23 5 111 43 107 4a 12 5 25e 35 35 1e8 ffffefb7 4b 15d 19
FIXUPS: 3509f c 25 15 3b 5b 52 6c c7 53 66 53 25 23 1713 49 11 71 5f 1d
FIXUPS: 36cba 47 fffff9c1 43 33 24 bd 2d 9b 32 43 c 10 c fffff969 21 35
FIXUPS: 36372 13a c 10 c 27 6c fffffa5e 98 1a29 9e fffffc3c 43 ffffff4b
FIXUPS: 3751e 29 19 2c fffffcb5 2b 28 2c 3a 26 1c 5e 25 28 31 43 28 31
FIXUPS: 374ca 14 fffffa9a 70 4f 1df fffff8a3 73 1c fffcd1ce 3c 1d 60 f
FIXUPS: 3e03 34 e 100 34131 fffffbae 45 29 3a 40 3e 33 4b 59 5a c 19 42
FIXUPS: 37f1e a7 19 28 c 21 fffff822 19 d9 fffcbfd8 16 1a 10 29 16 1d 16
FIXUPS: 3a13 24 31 10 10 1a 10 10 61 24 2e 10 10 16 10 4f 24 2a 10 1a 10
FIXUPS: 3ca2 4c 14 fffff822 25 16 1c 16 38 14 14 20 14 14 14 20 1f 16 14
FIXUPS: 36d6 22 16 16 14 20 21 17 34 3a 15 86 26 10 1a 10 fffff893 14 14
FIXUPS: 321c 16 10 16 10 63 16 10 52 16 10 3c 16 10 18 16 10 19 16 10 16
FIXUPS: 346e 18 16 10 18 16 10 25 fffff991 10 16 10 19 16 10 19 16 10 3c
FIXUPS: 2fa6 10 18 16 10 19 16 10 16 10 1a 16 10 1a 16 10 3b 16 24 16 14
FIXUPS: 2ada 15 35 10 16 10 16 10 16 10 42 55 15 33 10 16 10 16 10 16 10
FIXUPS: 2d5f 16 33 10 16 10 16 10 14 10 62 fffff78d 16 13a 12 1a 10 1a
FIXUPS: 27cd 1a 10 1a 10 24 10 14 10 14 10 14 10 4f 2f 16 4f 2f 16 26 16
FIXUPS: 2a4e 16 1d 16 fffff5bf 20 90 24 35 3d 20 2f 49 a 1ab 14 14 14 14
FIXUPS: 244d 14 14 14 14 20 1f 16 14 20 22 16 16 14 20 36 16 fffff2a6 f
FIXUPS: 18e4 45 1e 26 51 12 4f 45 28 6e 36 8c 25 20 2f 18 8c 43 6e 2e 14
FIXUPS: 1dd3 f 123 41 16 24 33 4d 41 fffff0ec 11 82 57 24 24 33 23 9c 63
FIXUPS: 13d0 11 45 27 46 12 f 3b 20 2f 53 22 47 25 b4 25 36 2c b5 12 1b
FIXUPS: 1854 3588 21 21 21 21 21 21 21 21 21 21 21 21 1e 1e 1e 1e 413 16
FIXUPS: 56d7 52 25 21 21 20 12 1b 28 11 1c ffffb883 3b 38e2 21 21 21 1e
FIXUPS: 4a71 1e 1e 27 17 1e 21 21 21 21 21 21 21 21 21 21 21 21 21 21 21
FIXUPS: 4d19 21 21 21 1e 21 1297 67 ffffe56e e a 25 17 1e 21 21 21 21 21
FIXUPS: 475f 21 21 21 21 21 21 21 21 21 21 21 21 21 21 21 21 21 21 4592
FIXUPS: 8f55 36 12 1f 12 36 12 1f 12 16 12 a ffffc913 1a a 12 1c a 1b 1c
FIXUPS: 5a29 12 1c a e 1c a 458 41 6f 41 2c01 12 1f 11 37 12 1f 11 17 12
FIXUPS: 8ce0 11 37 12 1f 11 37 12 1f 11 17 12 36 12 1f 12 36 12 1f 12 16
FIXUPS: 8f26 fffff631 1c 40 1b 16 16 16 25 1d 16 14 26 1e 2e 1e 1f 20 16
FIXUPS: 8a78 12 19 11 1c 12 17 11 3a 12 18 12 17 11 fffff382 36 12 36 13
FIXUPS: 7fcd da ab 1f 16 1f 3c 32 12 13 72 1f 2c 16 e4 37 16 16 2f 32 e
FIXUPS: 84d1 15 16 16 16 1b fffff26b 13 72 1f 2f 16 e9 34 16 29 32 12 13
FIXUPS: 7abc 1f 23 13 e9 28 16 34 32 12 13 72 1f 39 16 ed 44 16 16 fffff198
FIXUPS: 7102 1f 4c 16 29 e4 23 16 1d 32 12 13 8e 51 16 23 11 32 12 13 b6
FIXUPS: 758f 16 16 e7 13 11 16 27 67 32 fffff2e8 1e 24 36 24 36 24 1d 16
FIXUPS: 6be9 26 28 16 83 2e 15 17 15 47 16 2f 1d ec 1f 43 19 16 a3 1e 1e
FIXUPS: 7057 23 fffff15d a 61 54 6e 54 61 54 29 145 18 33 12 a cc 15 19f
FIXUPS: 6894 12 10 13 10 3a 15 17 1e 96 16 1b 16 1e 15 64f6 28 3d 2f 24
FIXUPS: d02d 18 12 a 218 5e 33 b4 91 41 23 12 19 11 a 1e 2f 14 1c 14 14
FIXUPS: 6103 34 2c 24 a 22 6872 25 28 28 1d 20 25 25 1d 3a 27 24 1d 1f
FIXUPS: cc5c 27 4f 53 1d 1f 1d 28 34 17 41 17 41 21 1d 1f 2a 29 fffff57b
FIXUPS: c4e0 2b 2b 2b 28 27 21 2a 44 1d 6c 1d 6c 1d 3a 1d 20 1b 1d 20 1b
FIXUPS: c880 25 21 1f 65 28 25 25 1d 22 fffff672 12 1a 14 12 1a 14 12 17
FIXUPS: c13d 23 17 26 23 17 27 21 1d 2d 21 22 5f 1d 39 33 23 17 28 26 17
FIXUPS: c45f 2b fffff2ce 17 2fb 64 17 a1 36 24 14 17 21 1f 74 42 42 42
FIXUPS: bdc9 27 17 27 4f 53 27 59 27 21 24 17 27 17 2e 1a fffff388 29 36
FIXUPS: b482 1e 1e 1d 1e 1e 1d 34 17 17 16 17 17 16 17 17 16 17 17 16 17
FIXUPS: b6a6 16 14 17 16 17 17 16 fffff86e 28 27 17 28 26 16 17 26 26 29
FIXUPS: b12b 29 38 45 20 20 20 20 20 20 25 a 20 a 13 a 18 24 32 26 23 fffff59a
FIXUPS: a96d 72 79 c 34 4f 21 3c 3c 3c 58 5d d 43 d 59 d 3f a 9 30 1c 1b
FIXUPS: ae0c 25 35 29 29 54 20 47 fffff766 f e 21 f f f f f e f 12 12 f
FIXUPS: a7e6 f f f e f f f f f f f f f 2b a 2e 41 fffffb28 1e 27 33 12
FIXUPS: a510 12 12 12 12 f f f e f f 1b f f 1b f f f f 18 f f f f f e f
FIXUPS: a0e8 12 18 22 22 3d 1c 26 12 18 22 22 3d 1c 17 11 37 12 e 12 12
FIXUPS: a34e 1b 1b 1b f 18 1b 18 18 1e 2a fffff7ed 28 28 2b 29 2b 2e 31
FIXUPS: 9db9 14 20 20 20 25 12 1b 25 25 3b 12 19 21 22 3d 1c 17 12 18 22
FIXUPS: a050 3d 1c fffff5de 25 29 2b 2b 2b 2b 2b 2b 2b 2b 2b 29 2b 3b 2b
FIXUPS: 993d 37 35 28 28 2b 35 28 35 35 3e 35 2b 3f 2b 2b fffff542 6c a9
FIXUPS: 929d 34 11 20 12 1e 12 21 11 20 12 21 12 1f 11 4a 12 21 12 15 23
FIXUPS: 94fa 29 2b 2b 2b 6e 2b 25 8d65 18 10 18 10 16 19 10 18 10 18 10
FIXUPS: 124bc 1d 10 24 10 24 10 30 21 1d 4f 6b 80 95 20 53 ffff68aa 35
FIXUPS: 90f2 a 8f0e 2f 1f 22 69 10 14 2f f 16 3a 12 15 16 10 16 14 12 18
FIXUPS: 12246 2b 20 1d 15 32 14 15 10 3f 1d 14 19 fffff8f8 10 19 14 10
FIXUPS: 11d10 19 31 28 20 2c 18 67 10 14 2b 1c a 18 c c c c c a 43 12 13
FIXUPS: 11fa4 19 c f fffff998 c 1e 16 46 29 31 14 f 3e 1e 1d 9 18 15 1c
FIXUPS: 11b50 19 30 21 f 12 16 f 16 f 16 f 16 c 13 1c fffff6dc 42 20 3b
FIXUPS: 11464 60 33 12 1c 20 1e 49 19 18 29 1e 1c 20 1e 1b 4b 1e 1c 20
FIXUPS: 1175c 29 3f 134 1c 14 10 14 fffff48b 24 52 1c 12 a 29 5c 2d 1c
FIXUPS: 10f87 45 15 18 29 1b 1b 37 1c 2e 36 5b 2c 43 57 28 16 12 19 2c
FIXUPS: 11308 4b fffff459 78 bc 107 1c 4c 1c 35 1c 35 1c 26 17 10 13 e
FIXUPS: 10b8d 13 14 1a 3d c 1b 16 3a 12 53 3d 25 16 12 2a ffffecd6 27 51b
FIXUPS: ffd6 44 15 51 86 23 16 61 8f 16 3f 151 33 25 16 2d 5e 2d 5e 31
FIXUPS: 1065c 41 11 16 3e 19 12 45 1d ffffecce 38 5c 2b 44 1e 14 2d 1e
FIXUPS: f609 52 25 16 4a 1f 23 32 1a 1d 31 1f 1e 17 32 24 52 1c 4e 2c 62
FIXUPS: fa25 2c fffff484 42 33 12 1c 1e 63 1e 32 4b 40 19 2c 1c 51 2a 1e
FIXUPS: f1ee 36 19 2c 1c 52 1f 1e 17 62 29 30 14 25 20 fffff4bf 1b 1c 46
FIXUPS: e997 1d 1d 1d 6e 7b ac 1c 1c 1c 4f 2e 18 18 23 19 25 2f 19 22 2b
FIXUPS: eda9 19 26 32 1a 43 30 fffff5e6 1c 2b 3c 29 3c c c c c c c 2a 17
FIXUPS: e64e 2b 34 57 1e 16 1c 20 3a 12 1c 20 1e 3e 1c 2e 18 29 fffff6b9
FIXUPS: dfad 1c 28 12 e 12 12 3d 12 34 12 1c be 18 18 18 18 18 34 41 23
FIXUPS: e2f2 11 37 46 1d 1a 1c 2b 3c 41 fffff6e3 27 28 12 16 26 22 17 27
FIXUPS: dc6d 17 27 12 17 27 49 4f 48 43 13 17 12 12 12 12 12 39 24 27 31
FIXUPS: df69 1c fffff826 25 11 32 19 12 1b 1c 24 18 18 1d 2f 12 29 14 23
FIXUPS: d9a4 2f 18 20 32 19 12 1b 1c 24 18 1c 18 12 29 5fef 16 f f 2d 12
FIXUPS: 13bbe 18 12 12 12 12 47 15 19 1b 1c 2b 1c 2b 16 7a 35 2f 25 ffff981f
FIXUPS: d6c9 11 48 22 1e 25 60f6 16 17 17 16 22 a 13 22 a 13 22 a 13 22
FIXUPS: 139c0 13 22 a 13 22 a 13 22 a 13 22 a 13 22 a 2f fffff949 2e 29
FIXUPS: 13518 30 30 2b 17 17 17 26 14 f c c c 67 1c a c 2e 1c a c 26 1c
FIXUPS: 1379a 71 17 17 16 17 fffff4f8 b6 64 ea 46 2e 20 bb 21 21 5d 29
FIXUPS: 131a7 29 4a 30 28 17 17 14 f c c c 2b 21 21 21 21 5d 29 2e d84
FIXUPS: 1429b af 53 33 34 39 a 1c d ffffe403 a 12 1c a 12 1c a 12 16 a
FIXUPS: 1292d 16 a e 16 a 210 33 3b 33 f7 517b 19 1c 6f 31 a 26 a ffffc505
FIXUPS: 144c7 14 15 18 18 fffff959 5e 26 15 25 39 1d 15 a 23 44 2c 2b 32
FIXUPS: 140e4 a 45 48 37cd 33 82 56 96 2f d 17 17 17 3a 19 62 1b 21 1e
FIXUPS: 17c96 2c 1b 21 1e 1d 25 33 1b 18 21 19 3c 18 19 1b fffff199 10c
FIXUPS: 17187 92 a8 41 52 28 28 a 4b 65 1c a 77 59 c 15 4f c 15 18 4e 41
FIXUPS: 17698 15 5e 81 44 59 7f 50 3974 a 32 16 37 48 16 a2 34 27 12 1c
FIXUPS: 1b4d4 8 b6 24 24 24 24 24 24 24 2d 5d 11 1c 31 12 1c 2d 12 ffffb7be
FIXUPS: 1a046 266 53 2bb 189 8b 1a 1d 29 18 b2 17 13 31 11 165 2c 12 94
FIXUPS: 1abc5 1d 21 1d 47 33 16 4c 20 41 372 175 16 ffffded5 4c 26 64 11
FIXUPS: 19220 13 35 a 55 11 29 ff 27 27 2d 49 43 23 38 b4 6c 8b a2 14 33
FIXUPS: 19806 1c 3b b2 4c 12 fffff058 38 63 22 59 25 f 1c 11 45 44 f 12
FIXUPS: 18bf8 12 f 69 11 12 12 2e0 1c a f 2f 11 46 12 12 e 45 34 fffff29a
FIXUPS: 183c5 11 20 12 c2 11 a 13 35 a 43 34 34 6b 11 a 13 35 a 26 40 25
FIXUPS: 1876a 17 5a c0 27 27 2d 49 43 5f38 45 8f 52 6e e6 f1 1f 19a 4a
FIXUPS: 1eeae e6 108 df 40 1f ffff8f49 1c a 14 22 1d 22 2f 11 a 91 29 3c
FIXUPS: 18310 2c 36 54f0 218 32 3a 32 44 3e 99 1af 1db 1f 13a 61 37 2e
FIXUPS: 1e4a2 31 3a 32 41 31 95 75 62 33 48 47 22 32 23 20 1c ffffe599
FIXUPS: 1ce4b 58 29 32 17 1d 34 34 1b 5a 2a 3e 24 c7 21 24 d 1a 17 52 20
FIXUPS: 1d277 24 34b 32 3a 32 41 31 95 75 ffffee31 35 35 1b 6a 81 35 1b
FIXUPS: 1c829 2e 2f 38 33 4b 35 5c 81 27 57 2a 31 21 43 2c 34 1b d5 21
FIXUPS: 1cd20 d 23 17 fffff334 11 3a 1b 1b 12 1e 14 17 21 17 24 17 1b 17
FIXUPS: 1c239 17 21 17 24 17 1b 17 27 16 5f 156 2c 38 38 2f 33 fffff63c
FIXUPS: 1bc45 12 12 1b e 3d 2a 12 12 12 12 12 60 11 44 33 59 2c 25 29 40
FIXUPS: 1bf5f 34 21 12 24 12 20 12 20 12 5d77 1f 13 14 22 3b 27 14 25 16
FIXUPS: 21f10 56 23 1b ffff9910 41 5d 3c 2e 1e 18 a 34 53 3b 13 45 18 30
FIXUPS: 1bb8e 35 1c 5b5e 66 2e 17 20 92 4d 3d 20 2f 49 56 24 2b 36 1a 32
FIXUPS: 21b01 3b 36 13 16 34 5b 18 5b 23 21 2e 12 3d 14 ffffed09 5d 11
FIXUPS: 20b05 31 12 1c 4b f9 73 f7 af f3 e6 130 1a 8 1a 27d a a 55 28 36
FIXUPS: 2155f 47 66 2f 50 28 36 16 ffffec65 40 6e 29 27 14 c 30 12 28 11
FIXUPS: 20537 22 138 42 12 c7 12 3b 14 20 20 2d 12 1c de 21 21 21 23 21
FIXUPS: 20a4e fffff1d9 a 1c d f 12 b3 11 1b 16 3d 12 2b 42 1d 26 52 12
FIXUPS: 1ff3e 28 6e 36 44 d7 48 5d 3e 2c 3d 20 2f 18 fffff0ca 3e 47 11
FIXUPS: 1f4bd 3c 47 1b 84 6b a 59 d0 58 4a 3b 59 a 70 3b 11 56 1e 63 26
FIXUPS: 1fabe 26 14 16 12 50 2b
